Apr  9 18:46:20 localhost audit[2662]: USER_AUTH pid=2662 uid=1000 auid=1000 ses=2 subj=unconfined_u:unconfined_r:unconfined_t:s0-s0:c0.c1023 msg='op=PAM:authentication grantors=pam_succeed_if,pam_localuser,pam_unix acct="irish" exe="/usr/lib/polkit-1/polkit-agent-helper-1" hostname=? addr=? terminal=? res=success'
Apr  9 18:46:20 localhost audit[2662]: USER_ACCT pid=2662 uid=1000 auid=1000 ses=2 subj=unconfined_u:unconfined_r:unconfined_t:s0-s0:c0.c1023 msg='op=PAM:accounting grantors=pam_unix,pam_localuser acct="irish" exe="/usr/lib/polkit-1/polkit-agent-helper-1" hostname=? addr=? terminal=? res=success'
Apr  9 18:46:20 localhost polkitd[765]: Operator of unix-session:2 successfully authenticated as unix-user:irish to gain TEMPORARY authorization for action org.freedesktop.systemd1.manage-units for system-bus-name::1.488 [systemctl restart rsyslog] (owned by unix-user:irish)
Apr  9 18:46:20 localhost systemd[1]: Stopping System Logging Service...
Apr  9 18:46:21 localhost rsyslogd[709]: [origin software="rsyslogd" swVersion="8.39.0" x-pid="709" x-info="http://www.rsyslog.com"] exiting on signal 15.
Apr  9 18:46:21 localhost systemd[1]: Stopped System Logging Service.
Apr  9 18:46:21 localhost audit[1]: SERVICE_START pid=1 uid=0 auid=4294967295 ses=4294967295 subj=system_u:system_r:init_t:s0 msg='unit=rsyslog comm="systemd" exe="/usr/lib/systemd/systemd" hostname=? addr=? terminal=? res=success'
Apr  9 18:46:21 localhost audit[1]: SERVICE_STOP pid=1 uid=0 auid=4294967295 ses=4294967295 subj=system_u:system_r:init_t:s0 msg='unit=rsyslog comm="systemd" exe="/usr/lib/systemd/systemd" hostname=? addr=? terminal=? res=success'
Apr  9 18:46:21 localhost systemd[1]: Starting System Logging Service...
Apr  9 18:46:21 localhost systemd[1]: Started System Logging Service.
Apr  9 18:46:21 localhost audit[1]: SERVICE_START pid=1 uid=0 auid=4294967295 ses=4294967295 subj=system_u:system_r:init_t:s0 msg='unit=rsyslog comm="systemd" exe="/usr/lib/systemd/systemd" hostname=? addr=? terminal=? res=success'
Apr  9 18:46:21 localhost polkitd[765]: Unregistered Authentication Agent for unix-process:2644:188434 (system bus name :1.487, object path /org/freedesktop/PolicyKit1/AuthenticationAgent, locale en_US.UTF-8) (disconnected from bus)
Apr  9 18:46:21 localhost rsyslogd[2674]: [origin software="rsyslogd" swVersion="8.39.0" x-pid="2674" x-info="http://www.rsyslog.com"] start
Apr  9 18:46:25 localhost dhclient[2295]: DHCPREQUEST on ens33 to 192.168.164.254 port 67 (xid=0xc459e832)
Apr  9 18:46:25 localhost dhclient[2295]: DHCPACK from 192.168.164.254 (xid=0xc459e832)
Apr  9 18:46:25 localhost NetworkManager[845]: <info>  [1554860785.9161] dhcp4 (ens33):   address 192.168.164.143
Apr  9 18:46:25 localhost NetworkManager[845]: <info>  [1554860785.9181] dhcp4 (ens33):   plen 24 (255.255.255.0)
Apr  9 18:46:25 localhost NetworkManager[845]: <info>  [1554860785.9184] dhcp4 (ens33):   gateway 192.168.164.2
Apr  9 18:46:25 localhost NetworkManager[845]: <info>  [1554860785.9186] dhcp4 (ens33):   lease time 1800
Apr  9 18:46:25 localhost NetworkManager[845]: <info>  [1554860785.9189] dhcp4 (ens33):   nameserver '192.168.164.2'
Apr  9 18:46:25 localhost NetworkManager[845]: <info>  [1554860785.9192] dhcp4 (ens33):   domain name 'localdomain'
Apr  9 18:46:25 localhost NetworkManager[845]: <info>  [1554860785.9194] dhcp4 (ens33): state changed bound -> bound
Apr  9 18:46:25 localhost dbus-daemon[716]: [system] Activating via systemd: service name='org.freedesktop.nm_dispatcher' unit='dbus-org.freedesktop.nm-dispatcher.service' requested by ':1.17' (uid=0 pid=845 comm="/usr/sbin/NetworkManager --no-daemon " label="system_u:system_r:NetworkManager_t:s0")
Apr  9 18:46:25 localhost systemd[1]: Starting Network Manager Script Dispatcher Service...
Apr  9 18:46:25 localhost dhclient[2295]: bound to 192.168.164.143 -- renewal in 727 seconds.
Apr  9 18:46:25 localhost dbus-daemon[716]: [system] Successfully activated service 'org.freedesktop.nm_dispatcher'
Apr  9 18:46:25 localhost audit[1]: SERVICE_START pid=1 uid=0 auid=4294967295 ses=4294967295 subj=system_u:system_r:init_t:s0 msg='unit=NetworkManager-dispatcher comm="systemd" exe="/usr/lib/systemd/systemd" hostname=? addr=? terminal=? res=success'
Apr  9 18:46:25 localhost systemd[1]: Started Network Manager Script Dispatcher Service.
Apr  9 18:46:25 localhost nm-dispatcher[2697]: req:1 'dhcp4-change' [ens33]: new request (3 scripts)
Apr  9 18:46:25 localhost nm-dispatcher[2697]: req:1 'dhcp4-change' [ens33]: start running ordered scripts...
Apr  9 18:46:36 localhost audit[1]: SERVICE_STOP pid=1 uid=0 auid=4294967295 ses=4294967295 subj=system_u:system_r:init_t:s0 msg='unit=NetworkManager-dispatcher comm="systemd" exe="/usr/lib/systemd/systemd" hostname=? addr=? terminal=? res=success'
Apr  9 18:46:37 localhost polkitd[765]: Registered Authentication Agent for unix-process:2706:190514 (system bus name :1.515 [/usr/bin/pkttyagent --notify-fd 5 --fallback], object path /org/freedesktop/PolicyKit1/AuthenticationAgent, locale en_US.UTF-8)
Apr  9 18:46:41 localhost audit[2720]: USER_AUTH pid=2720 uid=1000 auid=1000 ses=2 subj=unconfined_u:unconfined_r:unconfined_t:s0-s0:c0.c1023 msg='op=PAM:authentication grantors=pam_succeed_if,pam_localuser,pam_unix acct="irish" exe="/usr/lib/polkit-1/polkit-agent-helper-1" hostname=? addr=? terminal=? res=success'
Apr  9 18:46:41 localhost audit[2720]: USER_ACCT pid=2720 uid=1000 auid=1000 ses=2 subj=unconfined_u:unconfined_r:unconfined_t:s0-s0:c0.c1023 msg='op=PAM:accounting grantors=pam_unix,pam_localuser acct="irish" exe="/usr/lib/polkit-1/polkit-agent-helper-1" hostname=? addr=? terminal=? res=success'
Apr  9 18:46:41 localhost polkitd[765]: Operator of unix-session:2 successfully authenticated as unix-user:irish to gain TEMPORARY authorization for action org.freedesktop.systemd1.manage-unit-files for system-bus-name::1.517 [systemctl enable rsyslog] (owned by unix-user:irish)
Apr  9 18:46:41 localhost systemd[1]: Reloading.
Apr  9 18:46:41 localhost polkitd[765]: Unregistered Authentication Agent for unix-process:2706:190514 (system bus name :1.515, object path /org/freedesktop/PolicyKit1/AuthenticationAgent, locale en_US.UTF-8) (disconnected from bus)
Apr  9 18:46:47 localhost audit[1]: SERVICE_START pid=1 uid=0 auid=4294967295 ses=4294967295 subj=system_u:system_r:init_t:s0 msg='unit=fprintd comm="systemd" exe="/usr/lib/systemd/systemd" hostname=? addr=? terminal=? res=success'
Apr  9 18:46:47 localhost audit[1]: SERVICE_STOP pid=1 uid=0 auid=4294967295 ses=4294967295 subj=system_u:system_r:init_t:s0 msg='unit=fprintd comm="systemd" exe="/usr/lib/systemd/systemd" hostname=? addr=? terminal=? res=success'
Apr  9 18:46:48 localhost polkitd[765]: Registered Authentication Agent for unix-process:2775:191612 (system bus name :1.545 [/usr/bin/pkttyagent --notify-fd 5 --fallback], object path /org/freedesktop/PolicyKit1/AuthenticationAgent, locale en_US.UTF-8)
Apr  9 18:46:48 localhost dbus-daemon[716]: [system] Activating via systemd: service name='net.reactivated.Fprint' unit='fprintd.service' requested by ':1.557' (uid=0 pid=2791 comm="/usr/lib/polkit-1/polkit-agent-helper-1 irish " label="unconfined_u:unconfined_r:unconfined_t:s0-s0:c0.c1023")
Apr  9 18:46:48 localhost systemd[1]: Starting Fingerprint Authentication Daemon...
Apr  9 18:46:48 localhost dbus-daemon[716]: [system] Successfully activated service 'net.reactivated.Fprint'
Apr  9 18:46:48 localhost audit[1]: SERVICE_START pid=1 uid=0 auid=4294967295 ses=4294967295 subj=system_u:system_r:init_t:s0 msg='unit=fprintd comm="systemd" exe="/usr/lib/systemd/systemd" hostname=? addr=? terminal=? res=success'
Apr  9 18:46:48 localhost systemd[1]: Started Fingerprint Authentication Daemon.
Apr  9 18:46:52 localhost audit[2791]: USER_AUTH pid=2791 uid=1000 auid=1000 ses=2 subj=unconfined_u:unconfined_r:unconfined_t:s0-s0:c0.c1023 msg='op=PAM:authentication grantors=pam_succeed_if,pam_localuser,pam_unix acct="irish" exe="/usr/lib/polkit-1/polkit-agent-helper-1" hostname=? addr=? terminal=? res=success'
Apr  9 18:46:52 localhost audit[2791]: USER_ACCT pid=2791 uid=1000 auid=1000 ses=2 subj=unconfined_u:unconfined_r:unconfined_t:s0-s0:c0.c1023 msg='op=PAM:accounting grantors=pam_unix,pam_localuser acct="irish" exe="/usr/lib/polkit-1/polkit-agent-helper-1" hostname=? addr=? terminal=? res=success'
Apr  9 18:46:52 localhost polkitd[765]: Operator of unix-session:2 successfully authenticated as unix-user:irish to gain TEMPORARY authorization for action org.freedesktop.systemd1.manage-units for system-bus-name::1.547 [systemctl restart rsyslog] (owned by unix-user:irish)
Apr  9 18:46:52 localhost systemd[1]: Stopping System Logging Service...
Apr  9 18:46:52 localhost rsyslogd[2674]: [origin software="rsyslogd" swVersion="8.39.0" x-pid="2674" x-info="http://www.rsyslog.com"] exiting on signal 15.
Apr  9 18:46:52 localhost audit[1]: SERVICE_START pid=1 uid=0 auid=4294967295 ses=4294967295 subj=system_u:system_r:init_t:s0 msg='unit=rsyslog comm="systemd" exe="/usr/lib/systemd/systemd" hostname=? addr=? terminal=? res=success'
Apr  9 18:46:52 localhost systemd[1]: Stopped System Logging Service.
Apr  9 18:46:52 localhost audit[1]: SERVICE_STOP pid=1 uid=0 auid=4294967295 ses=4294967295 subj=system_u:system_r:init_t:s0 msg='unit=rsyslog comm="systemd" exe="/usr/lib/systemd/systemd" hostname=? addr=? terminal=? res=success'
Apr  9 18:46:52 localhost systemd[1]: Starting System Logging Service...
Apr  9 18:46:52 localhost systemd[1]: Started System Logging Service.
Apr  9 18:46:52 localhost audit[1]: SERVICE_START pid=1 uid=0 auid=4294967295 ses=4294967295 subj=system_u:system_r:init_t:s0 msg='unit=rsyslog comm="systemd" exe="/usr/lib/systemd/systemd" hostname=? addr=? terminal=? res=success'
Apr  9 18:46:52 localhost polkitd[765]: Unregistered Authentication Agent for unix-process:2775:191612 (system bus name :1.545, object path /org/freedesktop/PolicyKit1/AuthenticationAgent, locale en_US.UTF-8) (disconnected from bus)
Apr  9 18:46:52 localhost rsyslogd[2803]: [origin software="rsyslogd" swVersion="8.39.0" x-pid="2803" x-info="http://www.rsyslog.com"] start
Apr  9 18:47:19 localhost audit[1]: SERVICE_STOP pid=1 uid=0 auid=4294967295 ses=4294967295 subj=system_u:system_r:init_t:s0 msg='unit=fprintd comm="systemd" exe="/usr/lib/systemd/systemd" hostname=? addr=? terminal=? res=success'
Apr  9 18:47:36 localhost polkitd[765]: Registered Authentication Agent for unix-process:2823:196417 (system bus name :1.572 [/usr/bin/pkttyagent --notify-fd 5 --fallback], object path /org/freedesktop/PolicyKit1/AuthenticationAgent, locale en_US.UTF-8)
Apr  9 18:47:36 localhost dbus-daemon[716]: [system] Activating via systemd: service name='net.reactivated.Fprint' unit='fprintd.service' requested by ':1.584' (uid=0 pid=2840 comm="/usr/lib/polkit-1/polkit-agent-helper-1 irish " label="unconfined_u:unconfined_r:unconfined_t:s0-s0:c0.c1023")
Apr  9 18:47:36 localhost systemd[1]: Starting Fingerprint Authentication Daemon...
Apr  9 18:47:36 localhost dbus-daemon[716]: [system] Successfully activated service 'net.reactivated.Fprint'
Apr  9 18:47:36 localhost audit[1]: SERVICE_START pid=1 uid=0 auid=4294967295 ses=4294967295 subj=system_u:system_r:init_t:s0 msg='unit=fprintd comm="systemd" exe="/usr/lib/systemd/systemd" hostname=? addr=? terminal=? res=success'
Apr  9 18:47:36 localhost systemd[1]: Started Fingerprint Authentication Daemon.
Apr  9 18:47:41 localhost audit[2840]: USER_AUTH pid=2840 uid=1000 auid=1000 ses=2 subj=unconfined_u:unconfined_r:unconfined_t:s0-s0:c0.c1023 msg='op=PAM:authentication grantors=pam_succeed_if,pam_localuser,pam_unix acct="irish" exe="/usr/lib/polkit-1/polkit-agent-helper-1" hostname=? addr=? terminal=? res=success'
Apr  9 18:47:41 localhost audit[2840]: USER_ACCT pid=2840 uid=1000 auid=1000 ses=2 subj=unconfined_u:unconfined_r:unconfined_t:s0-s0:c0.c1023 msg='op=PAM:accounting grantors=pam_unix,pam_localuser acct="irish" exe="/usr/lib/polkit-1/polkit-agent-helper-1" hostname=? addr=? terminal=? res=success'
Apr  9 18:47:41 localhost polkitd[765]: Operator of unix-session:2 successfully authenticated as unix-user:irish to gain TEMPORARY authorization for action org.freedesktop.systemd1.manage-units for system-bus-name::1.574 [systemctl start rsyslog] (owned by unix-user:irish)
Apr  9 18:47:41 localhost polkitd[765]: Unregistered Authentication Agent for unix-process:2823:196417 (system bus name :1.572, object path /org/freedesktop/PolicyKit1/AuthenticationAgent, locale en_US.UTF-8) (disconnected from bus)
Apr  9 18:48:07 localhost audit[1]: SERVICE_STOP pid=1 uid=0 auid=4294967295 ses=4294967295 subj=system_u:system_r:init_t:s0 msg='unit=fprintd comm="systemd" exe="/usr/lib/systemd/systemd" hostname=? addr=? terminal=? res=success'
Apr  9 18:49:10 localhost org.gnome.Shell.desktop[1499]: Window manager warning: last_user_time (2058615) is greater than comparison timestamp (2058418).  This most likely represents a buggy client sending inaccurate timestamps in messages such as _NET_ACTIVE_WINDOW.  Trying to work around...
Apr  9 18:49:10 localhost org.gnome.Shell.desktop[1499]: Window manager warning: W1 (irish@loca) appears to be one of the offending windows with a timestamp of 2058615.  Working around...
Apr  9 18:49:13 localhost dbus-daemon[716]: [system] Activating via systemd: service name='net.reactivated.Fprint' unit='fprintd.service' requested by ':1.601' (uid=0 pid=2887 comm="sudo rsyslogd " label="unconfined_u:unconfined_r:unconfined_t:s0-s0:c0.c1023")
Apr  9 18:49:13 localhost systemd[1]: Starting Fingerprint Authentication Daemon...
Apr  9 18:49:13 localhost dbus-daemon[716]: [system] Successfully activated service 'net.reactivated.Fprint'
Apr  9 18:49:13 localhost audit[1]: SERVICE_START pid=1 uid=0 auid=4294967295 ses=4294967295 subj=system_u:system_r:init_t:s0 msg='unit=fprintd comm="systemd" exe="/usr/lib/systemd/systemd" hostname=? addr=? terminal=? res=success'
Apr  9 18:49:13 localhost systemd[1]: Started Fingerprint Authentication Daemon.
Apr  9 18:49:17 localhost audit[2887]: USER_AUTH pid=2887 uid=1000 auid=1000 ses=3 subj=unconfined_u:unconfined_r:unconfined_t:s0-s0:c0.c1023 msg='op=PAM:authentication grantors=pam_succeed_if,pam_localuser,pam_unix acct="irish" exe="/usr/bin/sudo" hostname=? addr=? terminal=/dev/pts/0 res=success'
Apr  9 18:49:17 localhost audit[2887]: USER_ACCT pid=2887 uid=1000 auid=1000 ses=3 subj=unconfined_u:unconfined_r:unconfined_t:s0-s0:c0.c1023 msg='op=PAM:accounting grantors=pam_unix,pam_localuser acct="irish" exe="/usr/bin/sudo" hostname=? addr=? terminal=/dev/pts/0 res=success'
Apr  9 18:49:17 localhost sudo[2887]:   irish : TTY=pts/0 ; PWD=/home/irish ; USER=root ; COMMAND=/usr/sbin/rsyslogd
Apr  9 18:49:17 localhost audit[2887]: USER_CMD pid=2887 uid=1000 auid=1000 ses=3 subj=unconfined_u:unconfined_r:unconfined_t:s0-s0:c0.c1023 msg='cwd="/home/irish" cmd="rsyslogd" terminal=pts/0 res=success'
Apr  9 18:49:17 localhost audit[2887]: CRED_REFR pid=2887 uid=0 auid=1000 ses=3 subj=unconfined_u:unconfined_r:unconfined_t:s0-s0:c0.c1023 msg='op=PAM:setcred grantors=pam_localuser,pam_unix acct="root" exe="/usr/bin/sudo" hostname=? addr=? terminal=/dev/pts/0 res=success'
Apr  9 18:49:17 localhost sudo[2887]: pam_unix(sudo:session): session opened for user root by (uid=0)
Apr  9 18:49:17 localhost audit[2887]: USER_START pid=2887 uid=0 auid=1000 ses=3 subj=unconfined_u:unconfined_r:unconfined_t:s0-s0:c0.c1023 msg='op=PAM:session_open grantors=pam_keyinit,pam_limits,pam_keyinit,pam_limits,pam_systemd,pam_unix acct="root" exe="/usr/bin/sudo" hostname=? addr=? terminal=/dev/pts/0 res=success'
Apr  9 18:49:17 localhost sudo[2887]: pam_unix(sudo:session): session closed for user root
Apr  9 18:49:17 localhost audit[2887]: USER_END pid=2887 uid=0 auid=1000 ses=3 subj=unconfined_u:unconfined_r:unconfined_t:s0-s0:c0.c1023 msg='op=PAM:session_close grantors=pam_keyinit,pam_limits,pam_keyinit,pam_limits,pam_systemd,pam_unix acct="root" exe="/usr/bin/sudo" hostname=? addr=? terminal=/dev/pts/0 res=success'
Apr  9 18:49:17 localhost audit[2887]: CRED_DISP pid=2887 uid=0 auid=1000 ses=3 subj=unconfined_u:unconfined_r:unconfined_t:s0-s0:c0.c1023 msg='op=PAM:setcred grantors=pam_localuser,pam_unix acct="root" exe="/usr/bin/sudo" hostname=? addr=? terminal=/dev/pts/0 res=success'
Apr  9 18:49:43 localhost audit[1]: SERVICE_STOP pid=1 uid=0 auid=4294967295 ses=4294967295 subj=system_u:system_r:init_t:s0 msg='unit=fprintd comm="systemd" exe="/usr/lib/systemd/systemd" hostname=? addr=? terminal=? res=success'
Apr  9 18:52:55 localhost polkitd[765]: Registered Authentication Agent for unix-process:2904:228308 (system bus name :1.604 [/usr/bin/pkttyagent --notify-fd 5 --fallback], object path /org/freedesktop/PolicyKit1/AuthenticationAgent, locale en_US.UTF-8)
Apr  9 18:52:55 localhost dbus-daemon[716]: [system] Activating via systemd: service name='net.reactivated.Fprint' unit='fprintd.service' requested by ':1.616' (uid=0 pid=2922 comm="/usr/lib/polkit-1/polkit-agent-helper-1 irish " label="unconfined_u:unconfined_r:unconfined_t:s0-s0:c0.c1023")
Apr  9 18:52:55 localhost systemd[1]: Starting Fingerprint Authentication Daemon...
Apr  9 18:52:55 localhost dbus-daemon[716]: [system] Successfully activated service 'net.reactivated.Fprint'
Apr  9 18:52:55 localhost audit[1]: SERVICE_START pid=1 uid=0 auid=4294967295 ses=4294967295 subj=system_u:system_r:init_t:s0 msg='unit=fprintd comm="systemd" exe="/usr/lib/systemd/systemd" hostname=? addr=? terminal=? res=success'
Apr  9 18:52:55 localhost systemd[1]: Started Fingerprint Authentication Daemon.
Apr  9 18:52:59 localhost audit[2922]: USER_AUTH pid=2922 uid=1000 auid=1000 ses=2 subj=unconfined_u:unconfined_r:unconfined_t:s0-s0:c0.c1023 msg='op=PAM:authentication grantors=pam_succeed_if,pam_localuser,pam_unix acct="irish" exe="/usr/lib/polkit-1/polkit-agent-helper-1" hostname=? addr=? terminal=? res=success'
Apr  9 18:52:59 localhost audit[2922]: USER_ACCT pid=2922 uid=1000 auid=1000 ses=2 subj=unconfined_u:unconfined_r:unconfined_t:s0-s0:c0.c1023 msg='op=PAM:accounting grantors=pam_unix,pam_localuser acct="irish" exe="/usr/lib/polkit-1/polkit-agent-helper-1" hostname=? addr=? terminal=? res=success'
Apr  9 18:52:59 localhost polkitd[765]: Operator of unix-session:2 successfully authenticated as unix-user:irish to gain TEMPORARY authorization for action org.freedesktop.systemd1.manage-units for system-bus-name::1.606 [systemctl start rsyslog] (owned by unix-user:irish)
Apr  9 18:52:59 localhost polkitd[765]: Unregistered Authentication Agent for unix-process:2904:228308 (system bus name :1.604, object path /org/freedesktop/PolicyKit1/AuthenticationAgent, locale en_US.UTF-8) (disconnected from bus)
Apr  9 18:53:26 localhost audit[1]: SERVICE_STOP pid=1 uid=0 auid=4294967295 ses=4294967295 subj=system_u:system_r:init_t:s0 msg='unit=fprintd comm="systemd" exe="/usr/lib/systemd/systemd" hostname=? addr=? terminal=? res=success'
Apr  9 18:54:01 localhost audit[2952]: USER_ACCT pid=2952 uid=1000 auid=1000 ses=3 subj=unconfined_u:unconfined_r:unconfined_t:s0-s0:c0.c1023 msg='op=PAM:accounting grantors=pam_unix,pam_localuser acct="irish" exe="/usr/bin/sudo" hostname=? addr=? terminal=/dev/pts/0 res=success'
Apr  9 18:54:01 localhost sudo[2952]:   irish : TTY=pts/0 ; PWD=/home/irish ; USER=root ; COMMAND=/usr/bin/yum -y install rsyslog
Apr  9 18:54:01 localhost audit[2952]: USER_CMD pid=2952 uid=1000 auid=1000 ses=3 subj=unconfined_u:unconfined_r:unconfined_t:s0-s0:c0.c1023 msg='cwd="/home/irish" cmd=79756D202D7920696E7374616C6C20727379736C6F67 terminal=pts/0 res=success'
Apr  9 18:54:01 localhost audit[2952]: CRED_REFR pid=2952 uid=0 auid=1000 ses=3 subj=unconfined_u:unconfined_r:unconfined_t:s0-s0:c0.c1023 msg='op=PAM:setcred grantors=pam_env,pam_fprintd acct="root" exe="/usr/bin/sudo" hostname=? addr=? terminal=/dev/pts/0 res=success'
Apr  9 18:54:01 localhost sudo[2952]: pam_unix(sudo:session): session opened for user root by (uid=0)
Apr  9 18:54:01 localhost audit[2952]: USER_START pid=2952 uid=0 auid=1000 ses=3 subj=unconfined_u:unconfined_r:unconfined_t:s0-s0:c0.c1023 msg='op=PAM:session_open grantors=pam_keyinit,pam_limits,pam_keyinit,pam_limits,pam_systemd,pam_unix acct="root" exe="/usr/bin/sudo" hostname=? addr=? terminal=/dev/pts/0 res=success'
Apr  9 18:54:12 localhost sudo[2952]: pam_unix(sudo:session): session closed for user root
Apr  9 18:54:12 localhost audit[2952]: USER_END pid=2952 uid=0 auid=1000 ses=3 subj=unconfined_u:unconfined_r:unconfined_t:s0-s0:c0.c1023 msg='op=PAM:session_close grantors=pam_keyinit,pam_limits,pam_keyinit,pam_limits,pam_systemd,pam_unix acct="root" exe="/usr/bin/sudo" hostname=? addr=? terminal=/dev/pts/0 res=success'
Apr  9 18:54:12 localhost audit[2952]: CRED_DISP pid=2952 uid=0 auid=1000 ses=3 subj=unconfined_u:unconfined_r:unconfined_t:s0-s0:c0.c1023 msg='op=PAM:setcred grantors=pam_env,pam_fprintd acct="root" exe="/usr/bin/sudo" hostname=? addr=? terminal=/dev/pts/0 res=success'
Apr  9 18:55:00 localhost audit[2968]: USER_ACCT pid=2968 uid=1000 auid=1000 ses=3 subj=unconfined_u:unconfined_r:unconfined_t:s0-s0:c0.c1023 msg='op=PAM:accounting grantors=pam_unix,pam_localuser acct="irish" exe="/usr/bin/sudo" hostname=? addr=? terminal=/dev/pts/0 res=success'
Apr  9 18:55:00 localhost sudo[2968]:   irish : TTY=pts/0 ; PWD=/home/irish ; USER=root ; COMMAND=/usr/bin/nano /etc/system/journald.conf
Apr  9 18:55:00 localhost audit[2968]: USER_CMD pid=2968 uid=1000 auid=1000 ses=3 subj=unconfined_u:unconfined_r:unconfined_t:s0-s0:c0.c1023 msg='cwd="/home/irish" cmd=6E616E6F202F6574632F73797374656D2F6A6F75726E616C642E636F6E66 terminal=pts/0 res=success'
Apr  9 18:55:00 localhost audit[2968]: CRED_REFR pid=2968 uid=0 auid=1000 ses=3 subj=unconfined_u:unconfined_r:unconfined_t:s0-s0:c0.c1023 msg='op=PAM:setcred grantors=pam_env,pam_fprintd acct="root" exe="/usr/bin/sudo" hostname=? addr=? terminal=/dev/pts/0 res=success'
Apr  9 18:55:00 localhost sudo[2968]: pam_unix(sudo:session): session opened for user root by (uid=0)
Apr  9 18:55:00 localhost audit[2968]: USER_START pid=2968 uid=0 auid=1000 ses=3 subj=unconfined_u:unconfined_r:unconfined_t:s0-s0:c0.c1023 msg='op=PAM:session_open grantors=pam_keyinit,pam_limits,pam_keyinit,pam_limits,pam_systemd,pam_unix acct="root" exe="/usr/bin/sudo" hostname=? addr=? terminal=/dev/pts/0 res=success'
Apr  9 18:55:11 localhost sudo[2968]: pam_unix(sudo:session): session closed for user root
Apr  9 18:55:11 localhost audit[2968]: USER_END pid=2968 uid=0 auid=1000 ses=3 subj=unconfined_u:unconfined_r:unconfined_t:s0-s0:c0.c1023 msg='op=PAM:session_close grantors=pam_keyinit,pam_limits,pam_keyinit,pam_limits,pam_systemd,pam_unix acct="root" exe="/usr/bin/sudo" hostname=? addr=? terminal=/dev/pts/0 res=success'
Apr  9 18:55:11 localhost audit[2968]: CRED_DISP pid=2968 uid=0 auid=1000 ses=3 subj=unconfined_u:unconfined_r:unconfined_t:s0-s0:c0.c1023 msg='op=PAM:setcred grantors=pam_env,pam_fprintd acct="root" exe="/usr/bin/sudo" hostname=? addr=? terminal=/dev/pts/0 res=success'
Apr  9 18:56:11 localhost audit[2992]: USER_ACCT pid=2992 uid=1000 auid=1000 ses=3 subj=unconfined_u:unconfined_r:unconfined_t:s0-s0:c0.c1023 msg='op=PAM:accounting grantors=pam_unix,pam_localuser acct="irish" exe="/usr/bin/sudo" hostname=? addr=? terminal=/dev/pts/0 res=success'
Apr  9 18:56:11 localhost sudo[2992]:   irish : TTY=pts/0 ; PWD=/home/irish ; USER=root ; COMMAND=/usr/bin/nano /etc/systemd/journald.conf
Apr  9 18:56:11 localhost audit[2992]: USER_CMD pid=2992 uid=1000 auid=1000 ses=3 subj=unconfined_u:unconfined_r:unconfined_t:s0-s0:c0.c1023 msg='cwd="/home/irish" cmd=6E616E6F202F6574632F73797374656D642F6A6F75726E616C642E636F6E66 terminal=pts/0 res=success'
Apr  9 18:56:11 localhost audit[2992]: CRED_REFR pid=2992 uid=0 auid=1000 ses=3 subj=unconfined_u:unconfined_r:unconfined_t:s0-s0:c0.c1023 msg='op=PAM:setcred grantors=pam_env,pam_fprintd acct="root" exe="/usr/bin/sudo" hostname=? addr=? terminal=/dev/pts/0 res=success'
Apr  9 18:56:11 localhost sudo[2992]: pam_unix(sudo:session): session opened for user root by (uid=0)
Apr  9 18:56:11 localhost audit[2992]: USER_START pid=2992 uid=0 auid=1000 ses=3 subj=unconfined_u:unconfined_r:unconfined_t:s0-s0:c0.c1023 msg='op=PAM:session_open grantors=pam_keyinit,pam_limits,pam_keyinit,pam_limits,pam_systemd,pam_unix acct="root" exe="/usr/bin/sudo" hostname=? addr=? terminal=/dev/pts/0 res=success'
Apr  9 18:56:54 localhost sudo[2992]: pam_unix(sudo:session): session closed for user root
Apr  9 18:56:54 localhost audit[2992]: USER_END pid=2992 uid=0 auid=1000 ses=3 subj=unconfined_u:unconfined_r:unconfined_t:s0-s0:c0.c1023 msg='op=PAM:session_close grantors=pam_keyinit,pam_limits,pam_keyinit,pam_limits,pam_systemd,pam_unix acct="root" exe="/usr/bin/sudo" hostname=? addr=? terminal=/dev/pts/0 res=success'
Apr  9 18:56:54 localhost audit[2992]: CRED_DISP pid=2992 uid=0 auid=1000 ses=3 subj=unconfined_u:unconfined_r:unconfined_t:s0-s0:c0.c1023 msg='op=PAM:setcred grantors=pam_env,pam_fprintd acct="root" exe="/usr/bin/sudo" hostname=? addr=? terminal=/dev/pts/0 res=success'
Apr  9 18:57:35 localhost audit[3001]: USER_ACCT pid=3001 uid=1000 auid=1000 ses=3 subj=unconfined_u:unconfined_r:unconfined_t:s0-s0:c0.c1023 msg='op=PAM:accounting grantors=pam_unix,pam_localuser acct="irish" exe="/usr/bin/sudo" hostname=? addr=? terminal=/dev/pts/0 res=success'
Apr  9 18:57:35 localhost sudo[3001]:   irish : TTY=pts/0 ; PWD=/home/irish ; USER=root ; COMMAND=/usr/bin/systemctl restart system-journald
Apr  9 18:57:35 localhost audit[3001]: USER_CMD pid=3001 uid=1000 auid=1000 ses=3 subj=unconfined_u:unconfined_r:unconfined_t:s0-s0:c0.c1023 msg='cwd="/home/irish" cmd=73797374656D63746C20726573746172742073797374656D2D6A6F75726E616C64 terminal=pts/0 res=success'
Apr  9 18:57:35 localhost audit[3001]: CRED_REFR pid=3001 uid=0 auid=1000 ses=3 subj=unconfined_u:unconfined_r:unconfined_t:s0-s0:c0.c1023 msg='op=PAM:setcred grantors=pam_env,pam_fprintd acct="root" exe="/usr/bin/sudo" hostname=? addr=? terminal=/dev/pts/0 res=success'
Apr  9 18:57:35 localhost sudo[3001]: pam_unix(sudo:session): session opened for user root by (uid=0)
Apr  9 18:57:35 localhost audit[3001]: USER_START pid=3001 uid=0 auid=1000 ses=3 subj=unconfined_u:unconfined_r:unconfined_t:s0-s0:c0.c1023 msg='op=PAM:session_open grantors=pam_keyinit,pam_limits,pam_keyinit,pam_limits,pam_systemd,pam_unix acct="root" exe="/usr/bin/sudo" hostname=? addr=? terminal=/dev/pts/0 res=success'
Apr  9 18:57:35 localhost sudo[3001]: pam_unix(sudo:session): session closed for user root
Apr  9 18:57:35 localhost audit[3001]: USER_END pid=3001 uid=0 auid=1000 ses=3 subj=unconfined_u:unconfined_r:unconfined_t:s0-s0:c0.c1023 msg='op=PAM:session_close grantors=pam_keyinit,pam_limits,pam_keyinit,pam_limits,pam_systemd,pam_unix acct="root" exe="/usr/bin/sudo" hostname=? addr=? terminal=/dev/pts/0 res=success'
Apr  9 18:57:35 localhost audit[3001]: CRED_DISP pid=3001 uid=0 auid=1000 ses=3 subj=unconfined_u:unconfined_r:unconfined_t:s0-s0:c0.c1023 msg='op=PAM:setcred grantors=pam_env,pam_fprintd acct="root" exe="/usr/bin/sudo" hostname=? addr=? terminal=/dev/pts/0 res=success'
Apr  9 18:58:00 localhost audit[3012]: USER_ACCT pid=3012 uid=1000 auid=1000 ses=3 subj=unconfined_u:unconfined_r:unconfined_t:s0-s0:c0.c1023 msg='op=PAM:accounting grantors=pam_unix,pam_localuser acct="irish" exe="/usr/bin/sudo" hostname=? addr=? terminal=/dev/pts/0 res=success'
Apr  9 18:58:00 localhost sudo[3012]:   irish : TTY=pts/0 ; PWD=/home/irish ; USER=root ; COMMAND=/usr/bin/systemctl restart systemd-journald
Apr  9 18:58:00 localhost audit[3012]: USER_CMD pid=3012 uid=1000 auid=1000 ses=3 subj=unconfined_u:unconfined_r:unconfined_t:s0-s0:c0.c1023 msg='cwd="/home/irish" cmd=73797374656D63746C20726573746172742073797374656D642D6A6F75726E616C64 terminal=pts/0 res=success'
Apr  9 18:58:00 localhost audit[3012]: CRED_REFR pid=3012 uid=0 auid=1000 ses=3 subj=unconfined_u:unconfined_r:unconfined_t:s0-s0:c0.c1023 msg='op=PAM:setcred grantors=pam_env,pam_fprintd acct="root" exe="/usr/bin/sudo" hostname=? addr=? terminal=/dev/pts/0 res=success'
Apr  9 18:58:00 localhost sudo[3012]: pam_unix(sudo:session): session opened for user root by (uid=0)
Apr  9 18:58:00 localhost audit[3012]: USER_START pid=3012 uid=0 auid=1000 ses=3 subj=unconfined_u:unconfined_r:unconfined_t:s0-s0:c0.c1023 msg='op=PAM:session_open grantors=pam_keyinit,pam_limits,pam_keyinit,pam_limits,pam_systemd,pam_unix acct="root" exe="/usr/bin/sudo" hostname=? addr=? terminal=/dev/pts/0 res=success'
Apr  9 18:58:00 localhost systemd[1]: Stopped Flush Journal to Persistent Storage.
Apr  9 18:58:00 localhost audit[1]: SERVICE_START pid=1 uid=0 auid=4294967295 ses=4294967295 subj=system_u:system_r:init_t:s0 msg='unit=systemd-journal-flush comm="systemd" exe="/usr/lib/systemd/systemd" hostname=? addr=? terminal=? res=success'
Apr  9 18:58:00 localhost audit[1]: SERVICE_STOP pid=1 uid=0 auid=4294967295 ses=4294967295 subj=system_u:system_r:init_t:s0 msg='unit=systemd-journal-flush comm="systemd" exe="/usr/lib/systemd/systemd" hostname=? addr=? terminal=? res=success'
Apr  9 18:58:00 localhost systemd[1]: Stopping Flush Journal to Persistent Storage...
Apr  9 18:58:00 localhost systemd-journald[561]: Journal stopped
Apr  9 19:02:03 localhost kernel: Linux version 4.18.16-300.fc29.x86_64 (mockbuild@bkernel04.phx2.fedoraproject.org) (gcc version 8.2.1 20180801 (Red Hat 8.2.1-2) (GCC)) #1 SMP Sat Oct 20 23:24:08 UTC 2018
Apr  9 19:02:03 localhost kernel: Command line: BOOT_IMAGE=/vmlinuz-4.18.16-300.fc29.x86_64 root=/dev/mapper/fedora-root ro resume=/dev/mapper/fedora-swap rd.lvm.lv=fedora/root rd.lvm.lv=fedora/swap rhgb quiet LANG=en_US.UTF-8
Apr  9 19:02:03 localhost kernel: Disabled fast string operations
Apr  9 19:02:03 localhost kernel: x86/fpu: Supporting XSAVE feature 0x001: 'x87 floating point registers'
Apr  9 19:02:03 localhost kernel: x86/fpu: Supporting XSAVE feature 0x002: 'SSE registers'
Apr  9 19:02:03 localhost kernel: x86/fpu: Supporting XSAVE feature 0x004: 'AVX registers'
Apr  9 19:02:03 localhost kernel: x86/fpu: Supporting XSAVE feature 0x008: 'MPX bounds registers'
Apr  9 19:02:03 localhost kernel: x86/fpu: Supporting XSAVE feature 0x010: 'MPX CSR'
Apr  9 19:02:03 localhost kernel: x86/fpu: xstate_offset[2]:  576, xstate_sizes[2]:  256
Apr  9 19:02:03 localhost kernel: x86/fpu: xstate_offset[3]:  832, xstate_sizes[3]:   64
Apr  9 19:02:03 localhost kernel: x86/fpu: xstate_offset[4]:  896, xstate_sizes[4]:   64
Apr  9 19:02:03 localhost kernel: x86/fpu: Enabled xstate features 0x1f, context size is 960 bytes, using 'compacted' format.
Apr  9 19:02:03 localhost kernel: BIOS-provided physical RAM map:
Apr  9 19:02:03 localhost kernel: BIOS-e820: [mem 0x0000000000000000-0x000000000009ebff] usable
Apr  9 19:02:03 localhost kernel: BIOS-e820: [mem 0x000000000009ec00-0x000000000009ffff] reserved
Apr  9 19:02:03 localhost kernel: BIOS-e820: [mem 0x00000000000dc000-0x00000000000fffff] reserved
Apr  9 19:02:03 localhost kernel: BIOS-e820: [mem 0x0000000000100000-0x000000007fedffff] usable
Apr  9 19:02:03 localhost kernel: BIOS-e820: [mem 0x000000007fee0000-0x000000007fefefff] ACPI data
Apr  9 19:02:03 localhost kernel: BIOS-e820: [mem 0x000000007feff000-0x000000007fefffff] ACPI NVS
Apr  9 19:02:03 localhost kernel: BIOS-e820: [mem 0x000000007ff00000-0x000000007fffffff] usable
Apr  9 19:02:03 localhost kernel: BIOS-e820: [mem 0x00000000f0000000-0x00000000f7ffffff] reserved
Apr  9 19:02:03 localhost kernel: BIOS-e820: [mem 0x00000000fec00000-0x00000000fec0ffff] reserved
Apr  9 19:02:03 localhost kernel: BIOS-e820: [mem 0x00000000fee00000-0x00000000fee00fff] reserved
Apr  9 19:02:03 localhost kernel: BIOS-e820: [mem 0x00000000fffe0000-0x00000000ffffffff] reserved
Apr  9 19:02:03 localhost kernel: NX (Execute Disable) protection: active
Apr  9 19:02:03 localhost kernel: SMBIOS 2.7 present.
Apr  9 19:02:03 localhost kernel: DMI: VMware, Inc. VMware Virtual Platform/440BX Desktop Reference Platform, BIOS 6.00 04/13/2018
Apr  9 19:02:03 localhost kernel: Hypervisor detected: VMware
Apr  9 19:02:03 localhost kernel: vmware: TSC freq read from hypervisor : 2208.001 MHz
Apr  9 19:02:03 localhost kernel: vmware: Host bus clock speed read from hypervisor : 66000000 Hz
Apr  9 19:02:03 localhost kernel: vmware: using sched offset of 6249591515 ns
Apr  9 19:02:03 localhost kernel: last_pfn = 0x80000 max_arch_pfn = 0x400000000
Apr  9 19:02:03 localhost kernel: x86/PAT: Configuration [0-7]: WB  WC  UC- UC  WB  WP  UC- WT  
Apr  9 19:02:03 localhost kernel: found SMP MP-table at [mem 0x000f6a80-0x000f6a8f] mapped at [(____ptrval____)]
Apr  9 19:02:03 localhost kernel: Using GB pages for direct mapping
Apr  9 19:02:03 localhost kernel: RAMDISK: [mem 0x3526b000-0x3692dfff]
Apr  9 19:02:03 localhost kernel: ACPI: Early table checksum verification disabled
Apr  9 19:02:03 localhost kernel: ACPI: RSDP 0x00000000000F6A10 000024 (v02 PTLTD )
Apr  9 19:02:03 localhost kernel: ACPI: XSDT 0x000000007FEE965B 00005C (v01 INTEL  440BX    06040000 VMW  01324272)
Apr  9 19:02:03 localhost kernel: ACPI: FACP 0x000000007FEFEE73 0000F4 (v04 INTEL  440BX    06040000 PTL  000F4240)
Apr  9 19:02:03 localhost kernel: ACPI: DSDT 0x000000007FEEB345 013B2E (v01 PTLTD  Custom   06040000 MSFT 03000001)
Apr  9 19:02:03 localhost kernel: ACPI: FACS 0x000000007FEFFFC0 000040
Apr  9 19:02:03 localhost kernel: ACPI: FACS 0x000000007FEFFFC0 000040
Apr  9 19:02:03 localhost kernel: ACPI: BOOT 0x000000007FEEB31D 000028 (v01 PTLTD  $SBFTBL$ 06040000  LTP 00000001)
Apr  9 19:02:03 localhost kernel: ACPI: APIC 0x000000007FEEA8BD 000742 (v01 PTLTD  ? APIC   06040000  LTP 00000000)
Apr  9 19:02:03 localhost kernel: ACPI: MCFG 0x000000007FEEA881 00003C (v01 PTLTD  $PCITBL$ 06040000  LTP 00000001)
Apr  9 19:02:03 localhost kernel: ACPI: SRAT 0x000000007FEE9757 0008A8 (v02 VMWARE MEMPLUG  06040000 VMW  00000001)
Apr  9 19:02:03 localhost kernel: ACPI: HPET 0x000000007FEE971F 000038 (v01 VMWARE VMW HPET 06040000 VMW  00000001)
Apr  9 19:02:03 localhost kernel: ACPI: WAET 0x000000007FEE96F7 000028 (v01 VMWARE VMW WAET 06040000 VMW  00000001)
Apr  9 19:02:03 localhost kernel: Setting APIC routing to physical flat.
Apr  9 19:02:03 localhost kernel: SRAT: PXM 0 -> APIC 0x00 -> Node 0
Apr  9 19:02:03 localhost kernel: SRAT: PXM 0 -> APIC 0x02 -> Node 0
Apr  9 19:02:03 localhost kernel: SRAT: PXM 0 -> APIC 0x04 -> Node 0
Apr  9 19:02:03 localhost kernel: SRAT: PXM 0 -> APIC 0x06 -> Node 0
Apr  9 19:02:03 localhost kernel: SRAT: PXM 0 -> APIC 0x08 -> Node 0
Apr  9 19:02:03 localhost kernel: SRAT: PXM 0 -> APIC 0x0a -> Node 0
Apr  9 19:02:03 localhost kernel: SRAT: PXM 0 -> APIC 0x0c -> Node 0
Apr  9 19:02:03 localhost kernel: SRAT: PXM 0 -> APIC 0x0e -> Node 0
Apr  9 19:02:03 localhost kernel: SRAT: PXM 0 -> APIC 0x10 -> Node 0
Apr  9 19:02:03 localhost kernel: SRAT: PXM 0 -> APIC 0x12 -> Node 0
Apr  9 19:02:03 localhost kernel: SRAT: PXM 0 -> APIC 0x14 -> Node 0
Apr  9 19:02:03 localhost kernel: SRAT: PXM 0 -> APIC 0x16 -> Node 0
Apr  9 19:02:03 localhost kernel: SRAT: PXM 0 -> APIC 0x18 -> Node 0
Apr  9 19:02:03 localhost kernel: SRAT: PXM 0 -> APIC 0x1a -> Node 0
Apr  9 19:02:03 localhost kernel: SRAT: PXM 0 -> APIC 0x1c -> Node 0
Apr  9 19:02:03 localhost kernel: SRAT: PXM 0 -> APIC 0x1e -> Node 0
Apr  9 19:02:03 localhost kernel: SRAT: PXM 0 -> APIC 0x20 -> Node 0
Apr  9 19:02:03 localhost kernel: SRAT: PXM 0 -> APIC 0x22 -> Node 0
Apr  9 19:02:03 localhost kernel: SRAT: PXM 0 -> APIC 0x24 -> Node 0
Apr  9 19:02:03 localhost kernel: SRAT: PXM 0 -> APIC 0x26 -> Node 0
Apr  9 19:02:03 localhost kernel: SRAT: PXM 0 -> APIC 0x28 -> Node 0
Apr  9 19:02:03 localhost kernel: SRAT: PXM 0 -> APIC 0x2a -> Node 0
Apr  9 19:02:03 localhost kernel: SRAT: PXM 0 -> APIC 0x2c -> Node 0
Apr  9 19:02:03 localhost kernel: SRAT: PXM 0 -> APIC 0x2e -> Node 0
Apr  9 19:02:03 localhost kernel: SRAT: PXM 0 -> APIC 0x30 -> Node 0
Apr  9 19:02:03 localhost kernel: SRAT: PXM 0 -> APIC 0x32 -> Node 0
Apr  9 19:02:03 localhost kernel: SRAT: PXM 0 -> APIC 0x34 -> Node 0
Apr  9 19:02:03 localhost kernel: SRAT: PXM 0 -> APIC 0x36 -> Node 0
Apr  9 19:02:03 localhost kernel: SRAT: PXM 0 -> APIC 0x38 -> Node 0
Apr  9 19:02:03 localhost kernel: SRAT: PXM 0 -> APIC 0x3a -> Node 0
Apr  9 19:02:03 localhost kernel: SRAT: PXM 0 -> APIC 0x3c -> Node 0
Apr  9 19:02:03 localhost kernel: SRAT: PXM 0 -> APIC 0x3e -> Node 0
Apr  9 19:02:03 localhost kernel: SRAT: PXM 0 -> APIC 0x40 -> Node 0
Apr  9 19:02:03 localhost kernel: SRAT: PXM 0 -> APIC 0x42 -> Node 0
Apr  9 19:02:03 localhost kernel: SRAT: PXM 0 -> APIC 0x44 -> Node 0
Apr  9 19:02:03 localhost kernel: SRAT: PXM 0 -> APIC 0x46 -> Node 0
Apr  9 19:02:03 localhost kernel: SRAT: PXM 0 -> APIC 0x48 -> Node 0
Apr  9 19:02:03 localhost kernel: SRAT: PXM 0 -> APIC 0x4a -> Node 0
Apr  9 19:02:03 localhost kernel: SRAT: PXM 0 -> APIC 0x4c -> Node 0
Apr  9 19:02:03 localhost kernel: SRAT: PXM 0 -> APIC 0x4e -> Node 0
Apr  9 19:02:03 localhost kernel: SRAT: PXM 0 -> APIC 0x50 -> Node 0
Apr  9 19:02:03 localhost kernel: SRAT: PXM 0 -> APIC 0x52 -> Node 0
Apr  9 19:02:03 localhost kernel: SRAT: PXM 0 -> APIC 0x54 -> Node 0
Apr  9 19:02:03 localhost kernel: SRAT: PXM 0 -> APIC 0x56 -> Node 0
Apr  9 19:02:03 localhost kernel: SRAT: PXM 0 -> APIC 0x58 -> Node 0
Apr  9 19:02:03 localhost kernel: SRAT: PXM 0 -> APIC 0x5a -> Node 0
Apr  9 19:02:03 localhost kernel: SRAT: PXM 0 -> APIC 0x5c -> Node 0
Apr  9 19:02:03 localhost kernel: SRAT: PXM 0 -> APIC 0x5e -> Node 0
Apr  9 19:02:03 localhost kernel: SRAT: PXM 0 -> APIC 0x60 -> Node 0
Apr  9 19:02:03 localhost kernel: SRAT: PXM 0 -> APIC 0x62 -> Node 0
Apr  9 19:02:03 localhost kernel: SRAT: PXM 0 -> APIC 0x64 -> Node 0
Apr  9 19:02:03 localhost kernel: SRAT: PXM 0 -> APIC 0x66 -> Node 0
Apr  9 19:02:03 localhost kernel: SRAT: PXM 0 -> APIC 0x68 -> Node 0
Apr  9 19:02:03 localhost kernel: SRAT: PXM 0 -> APIC 0x6a -> Node 0
Apr  9 19:02:03 localhost kernel: SRAT: PXM 0 -> APIC 0x6c -> Node 0
Apr  9 19:02:03 localhost kernel: SRAT: PXM 0 -> APIC 0x6e -> Node 0
Apr  9 19:02:03 localhost kernel: SRAT: PXM 0 -> APIC 0x70 -> Node 0
Apr  9 19:02:03 localhost kernel: SRAT: PXM 0 -> APIC 0x72 -> Node 0
Apr  9 19:02:03 localhost kernel: SRAT: PXM 0 -> APIC 0x74 -> Node 0
Apr  9 19:02:03 localhost kernel: SRAT: PXM 0 -> APIC 0x76 -> Node 0
Apr  9 19:02:03 localhost kernel: SRAT: PXM 0 -> APIC 0x78 -> Node 0
Apr  9 19:02:03 localhost kernel: SRAT: PXM 0 -> APIC 0x7a -> Node 0
Apr  9 19:02:03 localhost kernel: SRAT: PXM 0 -> APIC 0x7c -> Node 0
Apr  9 19:02:03 localhost kernel: SRAT: PXM 0 -> APIC 0x7e -> Node 0
Apr  9 19:02:03 localhost kernel: SRAT: PXM 0 -> APIC 0x80 -> Node 0
Apr  9 19:02:03 localhost kernel: SRAT: PXM 0 -> APIC 0x82 -> Node 0
Apr  9 19:02:03 localhost kernel: SRAT: PXM 0 -> APIC 0x84 -> Node 0
Apr  9 19:02:03 localhost kernel: SRAT: PXM 0 -> APIC 0x86 -> Node 0
Apr  9 19:02:03 localhost kernel: SRAT: PXM 0 -> APIC 0x88 -> Node 0
Apr  9 19:02:03 localhost kernel: SRAT: PXM 0 -> APIC 0x8a -> Node 0
Apr  9 19:02:03 localhost kernel: SRAT: PXM 0 -> APIC 0x8c -> Node 0
Apr  9 19:02:03 localhost kernel: SRAT: PXM 0 -> APIC 0x8e -> Node 0
Apr  9 19:02:03 localhost kernel: SRAT: PXM 0 -> APIC 0x90 -> Node 0
Apr  9 19:02:03 localhost kernel: SRAT: PXM 0 -> APIC 0x92 -> Node 0
Apr  9 19:02:03 localhost kernel: SRAT: PXM 0 -> APIC 0x94 -> Node 0
Apr  9 19:02:03 localhost kernel: SRAT: PXM 0 -> APIC 0x96 -> Node 0
Apr  9 19:02:03 localhost kernel: SRAT: PXM 0 -> APIC 0x98 -> Node 0
Apr  9 19:02:03 localhost kernel: SRAT: PXM 0 -> APIC 0x9a -> Node 0
Apr  9 19:02:03 localhost kernel: SRAT: PXM 0 -> APIC 0x9c -> Node 0
Apr  9 19:02:03 localhost kernel: SRAT: PXM 0 -> APIC 0x9e -> Node 0
Apr  9 19:02:03 localhost kernel: SRAT: PXM 0 -> APIC 0xa0 -> Node 0
Apr  9 19:02:03 localhost kernel: SRAT: PXM 0 -> APIC 0xa2 -> Node 0
Apr  9 19:02:03 localhost kernel: SRAT: PXM 0 -> APIC 0xa4 -> Node 0
Apr  9 19:02:03 localhost kernel: SRAT: PXM 0 -> APIC 0xa6 -> Node 0
Apr  9 19:02:03 localhost kernel: SRAT: PXM 0 -> APIC 0xa8 -> Node 0
Apr  9 19:02:03 localhost kernel: SRAT: PXM 0 -> APIC 0xaa -> Node 0
Apr  9 19:02:03 localhost kernel: SRAT: PXM 0 -> APIC 0xac -> Node 0
Apr  9 19:02:03 localhost kernel: SRAT: PXM 0 -> APIC 0xae -> Node 0
Apr  9 19:02:03 localhost kernel: SRAT: PXM 0 -> APIC 0xb0 -> Node 0
Apr  9 19:02:03 localhost kernel: SRAT: PXM 0 -> APIC 0xb2 -> Node 0
Apr  9 19:02:03 localhost kernel: SRAT: PXM 0 -> APIC 0xb4 -> Node 0
Apr  9 19:02:03 localhost kernel: SRAT: PXM 0 -> APIC 0xb6 -> Node 0
Apr  9 19:02:03 localhost kernel: SRAT: PXM 0 -> APIC 0xb8 -> Node 0
Apr  9 19:02:03 localhost kernel: SRAT: PXM 0 -> APIC 0xba -> Node 0
Apr  9 19:02:03 localhost kernel: SRAT: PXM 0 -> APIC 0xbc -> Node 0
Apr  9 19:02:03 localhost kernel: SRAT: PXM 0 -> APIC 0xbe -> Node 0
Apr  9 19:02:03 localhost kernel: SRAT: PXM 0 -> APIC 0xc0 -> Node 0
Apr  9 19:02:03 localhost kernel: SRAT: PXM 0 -> APIC 0xc2 -> Node 0
Apr  9 19:02:03 localhost kernel: SRAT: PXM 0 -> APIC 0xc4 -> Node 0
Apr  9 19:02:03 localhost kernel: SRAT: PXM 0 -> APIC 0xc6 -> Node 0
Apr  9 19:02:03 localhost kernel: SRAT: PXM 0 -> APIC 0xc8 -> Node 0
Apr  9 19:02:03 localhost kernel: SRAT: PXM 0 -> APIC 0xca -> Node 0
Apr  9 19:02:03 localhost kernel: SRAT: PXM 0 -> APIC 0xcc -> Node 0
Apr  9 19:02:03 localhost kernel: SRAT: PXM 0 -> APIC 0xce -> Node 0
Apr  9 19:02:03 localhost kernel: SRAT: PXM 0 -> APIC 0xd0 -> Node 0
Apr  9 19:02:03 localhost kernel: SRAT: PXM 0 -> APIC 0xd2 -> Node 0
Apr  9 19:02:03 localhost kernel: SRAT: PXM 0 -> APIC 0xd4 -> Node 0
Apr  9 19:02:03 localhost kernel: SRAT: PXM 0 -> APIC 0xd6 -> Node 0
Apr  9 19:02:03 localhost kernel: SRAT: PXM 0 -> APIC 0xd8 -> Node 0
Apr  9 19:02:03 localhost kernel: SRAT: PXM 0 -> APIC 0xda -> Node 0
Apr  9 19:02:03 localhost kernel: SRAT: PXM 0 -> APIC 0xdc -> Node 0
Apr  9 19:02:03 localhost kernel: SRAT: PXM 0 -> APIC 0xde -> Node 0
Apr  9 19:02:03 localhost kernel: SRAT: PXM 0 -> APIC 0xe0 -> Node 0
Apr  9 19:02:03 localhost kernel: SRAT: PXM 0 -> APIC 0xe2 -> Node 0
Apr  9 19:02:03 localhost kernel: SRAT: PXM 0 -> APIC 0xe4 -> Node 0
Apr  9 19:02:03 localhost kernel: SRAT: PXM 0 -> APIC 0xe6 -> Node 0
Apr  9 19:02:03 localhost kernel: SRAT: PXM 0 -> APIC 0xe8 -> Node 0
Apr  9 19:02:03 localhost kernel: SRAT: PXM 0 -> APIC 0xea -> Node 0
Apr  9 19:02:03 localhost kernel: SRAT: PXM 0 -> APIC 0xec -> Node 0
Apr  9 19:02:03 localhost kernel: SRAT: PXM 0 -> APIC 0xee -> Node 0
Apr  9 19:02:03 localhost kernel: SRAT: PXM 0 -> APIC 0xf0 -> Node 0
Apr  9 19:02:03 localhost kernel: SRAT: PXM 0 -> APIC 0xf2 -> Node 0
Apr  9 19:02:03 localhost kernel: SRAT: PXM 0 -> APIC 0xf4 -> Node 0
Apr  9 19:02:03 localhost kernel: SRAT: PXM 0 -> APIC 0xf6 -> Node 0
Apr  9 19:02:03 localhost kernel: SRAT: PXM 0 -> APIC 0xf8 -> Node 0
Apr  9 19:02:03 localhost kernel: SRAT: PXM 0 -> APIC 0xfa -> Node 0
Apr  9 19:02:03 localhost kernel: SRAT: PXM 0 -> APIC 0xfc -> Node 0
Apr  9 19:02:03 localhost kernel: SRAT: PXM 0 -> APIC 0xfe -> Node 0
Apr  9 19:02:03 localhost kernel: ACPI: SRAT: Node 0 PXM 0 [mem 0x00000000-0x0009ffff]
Apr  9 19:02:03 localhost kernel: ACPI: SRAT: Node 0 PXM 0 [mem 0x00100000-0x7fffffff]
Apr  9 19:02:03 localhost kernel: ACPI: SRAT: Node 0 PXM 0 [mem 0x80000000-0xbfffffff] hotplug
Apr  9 19:02:03 localhost kernel: NUMA: Node 0 [mem 0x00000000-0x0009ffff] + [mem 0x00100000-0x7fffffff] -> [mem 0x00000000-0x7fffffff]
Apr  9 19:02:03 localhost kernel: NODE_DATA(0) allocated [mem 0x7ffd5000-0x7fffffff]
Apr  9 19:02:03 localhost kernel: Zone ranges:
Apr  9 19:02:03 localhost kernel:  DMA      [mem 0x0000000000001000-0x0000000000ffffff]
Apr  9 19:02:03 localhost kernel:  DMA32    [mem 0x0000000001000000-0x000000007fffffff]
Apr  9 19:02:03 localhost kernel:  Normal   empty
Apr  9 19:02:03 localhost kernel:  Device   empty
Apr  9 19:02:03 localhost kernel: Movable zone start for each node
Apr  9 19:02:03 localhost kernel: Early memory node ranges
Apr  9 19:02:03 localhost kernel:  node   0: [mem 0x0000000000001000-0x000000000009dfff]
Apr  9 19:02:03 localhost kernel:  node   0: [mem 0x0000000000100000-0x000000007fedffff]
Apr  9 19:02:03 localhost kernel:  node   0: [mem 0x000000007ff00000-0x000000007fffffff]
Apr  9 19:02:03 localhost kernel: Reserved but unavailable: 131 pages
Apr  9 19:02:03 localhost kernel: Initmem setup node 0 [mem 0x0000000000001000-0x000000007fffffff]
Apr  9 19:02:03 localhost kernel: ACPI: PM-Timer IO Port: 0x1008
Apr  9 19:02:03 localhost kernel: ACPI: LAPIC_NMI (acpi_id[0x00] high edge lint[0x1])
Apr  9 19:02:03 localhost kernel: ACPI: LAPIC_NMI (acpi_id[0x01] high edge lint[0x1])
Apr  9 19:02:03 localhost kernel: ACPI: LAPIC_NMI (acpi_id[0x02] high edge lint[0x1])
Apr  9 19:02:03 localhost kernel: ACPI: LAPIC_NMI (acpi_id[0x03] high edge lint[0x1])
Apr  9 19:02:03 localhost kernel: ACPI: LAPIC_NMI (acpi_id[0x04] high edge lint[0x1])
Apr  9 19:02:03 localhost kernel: ACPI: LAPIC_NMI (acpi_id[0x05] high edge lint[0x1])
Apr  9 19:02:03 localhost kernel: ACPI: LAPIC_NMI (acpi_id[0x06] high edge lint[0x1])
Apr  9 19:02:03 localhost kernel: ACPI: LAPIC_NMI (acpi_id[0x07] high edge lint[0x1])
Apr  9 19:02:03 localhost kernel: ACPI: LAPIC_NMI (acpi_id[0x08] high edge lint[0x1])
Apr  9 19:02:03 localhost kernel: ACPI: LAPIC_NMI (acpi_id[0x09] high edge lint[0x1])
Apr  9 19:02:03 localhost kernel: ACPI: LAPIC_NMI (acpi_id[0x0a] high edge lint[0x1])
Apr  9 19:02:03 localhost kernel: ACPI: LAPIC_NMI (acpi_id[0x0b] high edge lint[0x1])
Apr  9 19:02:03 localhost kernel: ACPI: LAPIC_NMI (acpi_id[0x0c] high edge lint[0x1])
Apr  9 19:02:03 localhost kernel: ACPI: LAPIC_NMI (acpi_id[0x0d] high edge lint[0x1])
Apr  9 19:02:03 localhost kernel: ACPI: LAPIC_NMI (acpi_id[0x0e] high edge lint[0x1])
Apr  9 19:02:03 localhost kernel: ACPI: LAPIC_NMI (acpi_id[0x0f] high edge lint[0x1])
Apr  9 19:02:03 localhost kernel: ACPI: LAPIC_NMI (acpi_id[0x10] high edge lint[0x1])
Apr  9 19:02:03 localhost kernel: ACPI: LAPIC_NMI (acpi_id[0x11] high edge lint[0x1])
Apr  9 19:02:03 localhost kernel: ACPI: LAPIC_NMI (acpi_id[0x12] high edge lint[0x1])
Apr  9 19:02:03 localhost kernel: ACPI: LAPIC_NMI (acpi_id[0x13] high edge lint[0x1])
Apr  9 19:02:03 localhost kernel: ACPI: LAPIC_NMI (acpi_id[0x14] high edge lint[0x1])
Apr  9 19:02:03 localhost kernel: ACPI: LAPIC_NMI (acpi_id[0x15] high edge lint[0x1])
Apr  9 19:02:03 localhost kernel: ACPI: LAPIC_NMI (acpi_id[0x16] high edge lint[0x1])
Apr  9 19:02:03 localhost kernel: ACPI: LAPIC_NMI (acpi_id[0x17] high edge lint[0x1])
Apr  9 19:02:03 localhost kernel: ACPI: LAPIC_NMI (acpi_id[0x18] high edge lint[0x1])
Apr  9 19:02:03 localhost kernel: ACPI: LAPIC_NMI (acpi_id[0x19] high edge lint[0x1])
Apr  9 19:02:03 localhost kernel: ACPI: LAPIC_NMI (acpi_id[0x1a] high edge lint[0x1])
Apr  9 19:02:03 localhost kernel: ACPI: LAPIC_NMI (acpi_id[0x1b] high edge lint[0x1])
Apr  9 19:02:03 localhost kernel: ACPI: LAPIC_NMI (acpi_id[0x1c] high edge lint[0x1])
Apr  9 19:02:03 localhost kernel: ACPI: LAPIC_NMI (acpi_id[0x1d] high edge lint[0x1])
Apr  9 19:02:03 localhost kernel: ACPI: LAPIC_NMI (acpi_id[0x1e] high edge lint[0x1])
Apr  9 19:02:03 localhost kernel: ACPI: LAPIC_NMI (acpi_id[0x1f] high edge lint[0x1])
Apr  9 19:02:03 localhost kernel: ACPI: LAPIC_NMI (acpi_id[0x20] high edge lint[0x1])
Apr  9 19:02:03 localhost kernel: ACPI: LAPIC_NMI (acpi_id[0x21] high edge lint[0x1])
Apr  9 19:02:03 localhost kernel: ACPI: LAPIC_NMI (acpi_id[0x22] high edge lint[0x1])
Apr  9 19:02:03 localhost kernel: ACPI: LAPIC_NMI (acpi_id[0x23] high edge lint[0x1])
Apr  9 19:02:03 localhost kernel: ACPI: LAPIC_NMI (acpi_id[0x24] high edge lint[0x1])
Apr  9 19:02:03 localhost kernel: ACPI: LAPIC_NMI (acpi_id[0x25] high edge lint[0x1])
Apr  9 19:02:03 localhost kernel: ACPI: LAPIC_NMI (acpi_id[0x26] high edge lint[0x1])
Apr  9 19:02:03 localhost kernel: ACPI: LAPIC_NMI (acpi_id[0x27] high edge lint[0x1])
Apr  9 19:02:03 localhost kernel: ACPI: LAPIC_NMI (acpi_id[0x28] high edge lint[0x1])
Apr  9 19:02:03 localhost kernel: ACPI: LAPIC_NMI (acpi_id[0x29] high edge lint[0x1])
Apr  9 19:02:03 localhost kernel: ACPI: LAPIC_NMI (acpi_id[0x2a] high edge lint[0x1])
Apr  9 19:02:03 localhost kernel: ACPI: LAPIC_NMI (acpi_id[0x2b] high edge lint[0x1])
Apr  9 19:02:03 localhost kernel: ACPI: LAPIC_NMI (acpi_id[0x2c] high edge lint[0x1])
Apr  9 19:02:03 localhost kernel: ACPI: LAPIC_NMI (acpi_id[0x2d] high edge lint[0x1])
Apr  9 19:02:03 localhost kernel: ACPI: LAPIC_NMI (acpi_id[0x2e] high edge lint[0x1])
Apr  9 19:02:03 localhost kernel: ACPI: LAPIC_NMI (acpi_id[0x2f] high edge lint[0x1])
Apr  9 19:02:03 localhost kernel: ACPI: LAPIC_NMI (acpi_id[0x30] high edge lint[0x1])
Apr  9 19:02:03 localhost kernel: ACPI: LAPIC_NMI (acpi_id[0x31] high edge lint[0x1])
Apr  9 19:02:03 localhost kernel: ACPI: LAPIC_NMI (acpi_id[0x32] high edge lint[0x1])
Apr  9 19:02:03 localhost kernel: ACPI: LAPIC_NMI (acpi_id[0x33] high edge lint[0x1])
Apr  9 19:02:03 localhost kernel: ACPI: LAPIC_NMI (acpi_id[0x34] high edge lint[0x1])
Apr  9 19:02:03 localhost kernel: ACPI: LAPIC_NMI (acpi_id[0x35] high edge lint[0x1])
Apr  9 19:02:03 localhost kernel: ACPI: LAPIC_NMI (acpi_id[0x36] high edge lint[0x1])
Apr  9 19:02:03 localhost kernel: ACPI: LAPIC_NMI (acpi_id[0x37] high edge lint[0x1])
Apr  9 19:02:03 localhost kernel: ACPI: LAPIC_NMI (acpi_id[0x38] high edge lint[0x1])
Apr  9 19:02:03 localhost kernel: ACPI: LAPIC_NMI (acpi_id[0x39] high edge lint[0x1])
Apr  9 19:02:03 localhost kernel: ACPI: LAPIC_NMI (acpi_id[0x3a] high edge lint[0x1])
Apr  9 19:02:03 localhost kernel: ACPI: LAPIC_NMI (acpi_id[0x3b] high edge lint[0x1])
Apr  9 19:02:03 localhost kernel: ACPI: LAPIC_NMI (acpi_id[0x3c] high edge lint[0x1])
Apr  9 19:02:03 localhost kernel: ACPI: LAPIC_NMI (acpi_id[0x3d] high edge lint[0x1])
Apr  9 19:02:03 localhost kernel: ACPI: LAPIC_NMI (acpi_id[0x3e] high edge lint[0x1])
Apr  9 19:02:03 localhost kernel: ACPI: LAPIC_NMI (acpi_id[0x3f] high edge lint[0x1])
Apr  9 19:02:03 localhost kernel: ACPI: LAPIC_NMI (acpi_id[0x40] high edge lint[0x1])
Apr  9 19:02:03 localhost kernel: ACPI: LAPIC_NMI (acpi_id[0x41] high edge lint[0x1])
Apr  9 19:02:03 localhost kernel: ACPI: LAPIC_NMI (acpi_id[0x42] high edge lint[0x1])
Apr  9 19:02:03 localhost kernel: ACPI: LAPIC_NMI (acpi_id[0x43] high edge lint[0x1])
Apr  9 19:02:03 localhost kernel: ACPI: LAPIC_NMI (acpi_id[0x44] high edge lint[0x1])
Apr  9 19:02:03 localhost kernel: ACPI: LAPIC_NMI (acpi_id[0x45] high edge lint[0x1])
Apr  9 19:02:03 localhost kernel: ACPI: LAPIC_NMI (acpi_id[0x46] high edge lint[0x1])
Apr  9 19:02:03 localhost kernel: ACPI: LAPIC_NMI (acpi_id[0x47] high edge lint[0x1])
Apr  9 19:02:03 localhost kernel: ACPI: LAPIC_NMI (acpi_id[0x48] high edge lint[0x1])
Apr  9 19:02:03 localhost kernel: ACPI: LAPIC_NMI (acpi_id[0x49] high edge lint[0x1])
Apr  9 19:02:03 localhost kernel: ACPI: LAPIC_NMI (acpi_id[0x4a] high edge lint[0x1])
Apr  9 19:02:03 localhost kernel: ACPI: LAPIC_NMI (acpi_id[0x4b] high edge lint[0x1])
Apr  9 19:02:03 localhost kernel: ACPI: LAPIC_NMI (acpi_id[0x4c] high edge lint[0x1])
Apr  9 19:02:03 localhost kernel: ACPI: LAPIC_NMI (acpi_id[0x4d] high edge lint[0x1])
Apr  9 19:02:03 localhost kernel: ACPI: LAPIC_NMI (acpi_id[0x4e] high edge lint[0x1])
Apr  9 19:02:03 localhost kernel: ACPI: LAPIC_NMI (acpi_id[0x4f] high edge lint[0x1])
Apr  9 19:02:03 localhost kernel: ACPI: LAPIC_NMI (acpi_id[0x50] high edge lint[0x1])
Apr  9 19:02:03 localhost kernel: ACPI: LAPIC_NMI (acpi_id[0x51] high edge lint[0x1])
Apr  9 19:02:03 localhost kernel: ACPI: LAPIC_NMI (acpi_id[0x52] high edge lint[0x1])
Apr  9 19:02:03 localhost kernel: ACPI: LAPIC_NMI (acpi_id[0x53] high edge lint[0x1])
Apr  9 19:02:03 localhost kernel: ACPI: LAPIC_NMI (acpi_id[0x54] high edge lint[0x1])
Apr  9 19:02:03 localhost kernel: ACPI: LAPIC_NMI (acpi_id[0x55] high edge lint[0x1])
Apr  9 19:02:03 localhost kernel: ACPI: LAPIC_NMI (acpi_id[0x56] high edge lint[0x1])
Apr  9 19:02:03 localhost kernel: ACPI: LAPIC_NMI (acpi_id[0x57] high edge lint[0x1])
Apr  9 19:02:03 localhost kernel: ACPI: LAPIC_NMI (acpi_id[0x58] high edge lint[0x1])
Apr  9 19:02:03 localhost kernel: ACPI: LAPIC_NMI (acpi_id[0x59] high edge lint[0x1])
Apr  9 19:02:03 localhost kernel: ACPI: LAPIC_NMI (acpi_id[0x5a] high edge lint[0x1])
Apr  9 19:02:03 localhost kernel: ACPI: LAPIC_NMI (acpi_id[0x5b] high edge lint[0x1])
Apr  9 19:02:03 localhost kernel: ACPI: LAPIC_NMI (acpi_id[0x5c] high edge lint[0x1])
Apr  9 19:02:03 localhost kernel: ACPI: LAPIC_NMI (acpi_id[0x5d] high edge lint[0x1])
Apr  9 19:02:03 localhost kernel: ACPI: LAPIC_NMI (acpi_id[0x5e] high edge lint[0x1])
Apr  9 19:02:03 localhost kernel: ACPI: LAPIC_NMI (acpi_id[0x5f] high edge lint[0x1])
Apr  9 19:02:03 localhost kernel: ACPI: LAPIC_NMI (acpi_id[0x60] high edge lint[0x1])
Apr  9 19:02:03 localhost kernel: ACPI: LAPIC_NMI (acpi_id[0x61] high edge lint[0x1])
Apr  9 19:02:03 localhost kernel: ACPI: LAPIC_NMI (acpi_id[0x62] high edge lint[0x1])
Apr  9 19:02:03 localhost kernel: ACPI: LAPIC_NMI (acpi_id[0x63] high edge lint[0x1])
Apr  9 19:02:03 localhost kernel: ACPI: LAPIC_NMI (acpi_id[0x64] high edge lint[0x1])
Apr  9 19:02:03 localhost kernel: ACPI: LAPIC_NMI (acpi_id[0x65] high edge lint[0x1])
Apr  9 19:02:03 localhost kernel: ACPI: LAPIC_NMI (acpi_id[0x66] high edge lint[0x1])
Apr  9 19:02:03 localhost kernel: ACPI: LAPIC_NMI (acpi_id[0x67] high edge lint[0x1])
Apr  9 19:02:03 localhost kernel: ACPI: LAPIC_NMI (acpi_id[0x68] high edge lint[0x1])
Apr  9 19:02:03 localhost kernel: ACPI: LAPIC_NMI (acpi_id[0x69] high edge lint[0x1])
Apr  9 19:02:03 localhost kernel: ACPI: LAPIC_NMI (acpi_id[0x6a] high edge lint[0x1])
Apr  9 19:02:03 localhost kernel: ACPI: LAPIC_NMI (acpi_id[0x6b] high edge lint[0x1])
Apr  9 19:02:03 localhost kernel: ACPI: LAPIC_NMI (acpi_id[0x6c] high edge lint[0x1])
Apr  9 19:02:03 localhost kernel: ACPI: LAPIC_NMI (acpi_id[0x6d] high edge lint[0x1])
Apr  9 19:02:03 localhost kernel: ACPI: LAPIC_NMI (acpi_id[0x6e] high edge lint[0x1])
Apr  9 19:02:03 localhost kernel: ACPI: LAPIC_NMI (acpi_id[0x6f] high edge lint[0x1])
Apr  9 19:02:03 localhost kernel: ACPI: LAPIC_NMI (acpi_id[0x70] high edge lint[0x1])
Apr  9 19:02:03 localhost kernel: ACPI: LAPIC_NMI (acpi_id[0x71] high edge lint[0x1])
Apr  9 19:02:03 localhost kernel: ACPI: LAPIC_NMI (acpi_id[0x72] high edge lint[0x1])
Apr  9 19:02:03 localhost kernel: ACPI: LAPIC_NMI (acpi_id[0x73] high edge lint[0x1])
Apr  9 19:02:03 localhost kernel: ACPI: LAPIC_NMI (acpi_id[0x74] high edge lint[0x1])
Apr  9 19:02:03 localhost kernel: ACPI: LAPIC_NMI (acpi_id[0x75] high edge lint[0x1])
Apr  9 19:02:03 localhost kernel: ACPI: LAPIC_NMI (acpi_id[0x76] high edge lint[0x1])
Apr  9 19:02:03 localhost kernel: ACPI: LAPIC_NMI (acpi_id[0x77] high edge lint[0x1])
Apr  9 19:02:03 localhost kernel: ACPI: LAPIC_NMI (acpi_id[0x78] high edge lint[0x1])
Apr  9 19:02:03 localhost kernel: ACPI: LAPIC_NMI (acpi_id[0x79] high edge lint[0x1])
Apr  9 19:02:03 localhost kernel: ACPI: LAPIC_NMI (acpi_id[0x7a] high edge lint[0x1])
Apr  9 19:02:03 localhost kernel: ACPI: LAPIC_NMI (acpi_id[0x7b] high edge lint[0x1])
Apr  9 19:02:03 localhost kernel: ACPI: LAPIC_NMI (acpi_id[0x7c] high edge lint[0x1])
Apr  9 19:02:03 localhost kernel: ACPI: LAPIC_NMI (acpi_id[0x7d] high edge lint[0x1])
Apr  9 19:02:03 localhost kernel: ACPI: LAPIC_NMI (acpi_id[0x7e] high edge lint[0x1])
Apr  9 19:02:03 localhost kernel: ACPI: LAPIC_NMI (acpi_id[0x7f] high edge lint[0x1])
Apr  9 19:02:03 localhost kernel: IOAPIC[0]: apic_id 1, version 32, address 0xfec00000, GSI 0-23
Apr  9 19:02:03 localhost kernel: ACPI: INT_SRC_OVR (bus 0 bus_irq 0 global_irq 2 high edge)
Apr  9 19:02:03 localhost kernel: Using ACPI (MADT) for SMP configuration information
Apr  9 19:02:03 localhost kernel: ACPI: HPET id: 0x8086af01 base: 0xfed00000
Apr  9 19:02:03 localhost kernel: smpboot: Allowing 128 CPUs, 127 hotplug CPUs
Apr  9 19:02:03 localhost kernel: PM: Registered nosave memory: [mem 0x00000000-0x00000fff]
Apr  9 19:02:03 localhost kernel: PM: Registered nosave memory: [mem 0x0009e000-0x0009efff]
Apr  9 19:02:03 localhost kernel: PM: Registered nosave memory: [mem 0x0009f000-0x0009ffff]
Apr  9 19:02:03 localhost kernel: PM: Registered nosave memory: [mem 0x000a0000-0x000dbfff]
Apr  9 19:02:03 localhost kernel: PM: Registered nosave memory: [mem 0x000dc000-0x000fffff]
Apr  9 19:02:03 localhost kernel: PM: Registered nosave memory: [mem 0x7fee0000-0x7fefefff]
Apr  9 19:02:03 localhost kernel: PM: Registered nosave memory: [mem 0x7feff000-0x7fefffff]
Apr  9 19:02:03 localhost kernel: [mem 0x80000000-0xefffffff] available for PCI devices
Apr  9 19:02:03 localhost kernel: Booting paravirtualized kernel on VMware hypervisor
Apr  9 19:02:03 localhost kernel: clocksource: refined-jiffies: mask: 0xffffffff max_cycles: 0xffffffff, max_idle_ns: 1910969940391419 ns
Apr  9 19:02:03 localhost kernel: random: get_random_bytes called from start_kernel+0x93/0x558 with crng_init=0
Apr  9 19:02:03 localhost kernel: setup_percpu: NR_CPUS:1024 nr_cpumask_bits:128 nr_cpu_ids:128 nr_node_ids:1
Apr  9 19:02:03 localhost kernel: percpu: Embedded 45 pages/cpu @(____ptrval____) s147456 r8192 d28672 u262144
Apr  9 19:02:03 localhost kernel: Built 1 zonelists, mobility grouping on.  Total pages: 515944
Apr  9 19:02:03 localhost kernel: Policy zone: DMA32
Apr  9 19:02:03 localhost kernel: Kernel command line: BOOT_IMAGE=/vmlinuz-4.18.16-300.fc29.x86_64 root=/dev/mapper/fedora-root ro resume=/dev/mapper/fedora-swap rd.lvm.lv=fedora/root rd.lvm.lv=fedora/swap rhgb quiet LANG=en_US.UTF-8
Apr  9 19:02:03 localhost kernel: log_buf_len individual max cpu contribution: 4096 bytes
Apr  9 19:02:03 localhost kernel: log_buf_len total cpu_extra contributions: 520192 bytes
Apr  9 19:02:03 localhost kernel: log_buf_len min size: 262144 bytes
Apr  9 19:02:03 localhost kernel: log_buf_len: 1048576 bytes
Apr  9 19:02:03 localhost kernel: early log buf free: 236764(90%)
Apr  9 19:02:03 localhost kernel: Memory: 1988748K/2096628K available (12300K kernel code, 1624K rwdata, 4056K rodata, 2160K init, 1336K bss, 107880K reserved, 0K cma-reserved)
Apr  9 19:02:03 localhost kernel: SLUB: HWalign=64, Order=0-3, MinObjects=0, CPUs=128, Nodes=1
Apr  9 19:02:03 localhost kernel: Kernel/User page tables isolation: enabled
Apr  9 19:02:03 localhost kernel: ftrace: allocating 37988 entries in 149 pages
Apr  9 19:02:03 localhost kernel: Hierarchical RCU implementation.
Apr  9 19:02:03 localhost kernel: #011RCU restricting CPUs from NR_CPUS=1024 to nr_cpu_ids=128.
Apr  9 19:02:03 localhost kernel: #011Tasks RCU enabled.
Apr  9 19:02:03 localhost kernel: RCU: Adjusting geometry for rcu_fanout_leaf=16, nr_cpu_ids=128
Apr  9 19:02:03 localhost kernel: NR_IRQS: 65792, nr_irqs: 1448, preallocated irqs: 16
Apr  9 19:02:03 localhost kernel: Console: colour VGA+ 80x25
Apr  9 19:02:03 localhost kernel: console [tty0] enabled
Apr  9 19:02:03 localhost kernel: ACPI: Core revision 20180531
Apr  9 19:02:03 localhost kernel: clocksource: hpet: mask: 0xffffffff max_cycles: 0xffffffff, max_idle_ns: 133484882848 ns
Apr  9 19:02:03 localhost kernel: APIC: Switch to symmetric I/O mode setup
Apr  9 19:02:03 localhost kernel: x2apic enabled
Apr  9 19:02:03 localhost kernel: Switched APIC routing to physical x2apic.
Apr  9 19:02:03 localhost kernel: ..TIMER: vector=0x30 apic1=0 pin1=2 apic2=-1 pin2=-1
Apr  9 19:02:03 localhost kernel: tsc: Detected 2208.001 MHz processor
Apr  9 19:02:03 localhost kernel: clocksource: tsc-early: mask: 0xffffffffffffffff max_cycles: 0x1fd3b918d37, max_idle_ns: 440795205649 ns
Apr  9 19:02:03 localhost kernel: Calibrating delay loop (skipped) preset value.. 4416.00 BogoMIPS (lpj=2208001)
Apr  9 19:02:03 localhost kernel: pid_max: default: 131072 minimum: 1024
Apr  9 19:02:03 localhost kernel: Security Framework initialized
Apr  9 19:02:03 localhost kernel: Yama: becoming mindful.
Apr  9 19:02:03 localhost kernel: SELinux:  Initializing.
Apr  9 19:02:03 localhost kernel: Dentry cache hash table entries: 262144 (order: 9, 2097152 bytes)
Apr  9 19:02:03 localhost kernel: Inode-cache hash table entries: 131072 (order: 8, 1048576 bytes)
Apr  9 19:02:03 localhost kernel: Mount-cache hash table entries: 4096 (order: 3, 32768 bytes)
Apr  9 19:02:03 localhost kernel: Mountpoint-cache hash table entries: 4096 (order: 3, 32768 bytes)
Apr  9 19:02:03 localhost kernel: Disabled fast string operations
Apr  9 19:02:03 localhost kernel: mce: CPU supports 8 MCE banks
Apr  9 19:02:03 localhost kernel: Last level iTLB entries: 4KB 64, 2MB 8, 4MB 8
Apr  9 19:02:03 localhost kernel: Last level dTLB entries: 4KB 64, 2MB 0, 4MB 0, 1GB 4
Apr  9 19:02:03 localhost kernel: Spectre V2 : Mitigation: Full generic retpoline
Apr  9 19:02:03 localhost kernel: Spectre V2 : Spectre v2 / SpectreRSB mitigation: Filling RSB on context switch
Apr  9 19:02:03 localhost kernel: Spectre V2 : Spectre v2 mitigation: Enabling Indirect Branch Prediction Barrier
Apr  9 19:02:03 localhost kernel: Spectre V2 : Enabling Restricted Speculation for firmware calls
Apr  9 19:02:03 localhost kernel: Speculative Store Bypass: Vulnerable
Apr  9 19:02:03 localhost kernel: smpboot: CPU0: Intel(R) Core(TM) i7-8750H CPU @ 2.20GHz (family: 0x6, model: 0x9e, stepping: 0xa)
Apr  9 19:02:03 localhost kernel: Performance Events: Skylake events, core PMU driver.
Apr  9 19:02:03 localhost kernel: core: CPUID marked event: 'cpu cycles' unavailable
Apr  9 19:02:03 localhost kernel: core: CPUID marked event: 'instructions' unavailable
Apr  9 19:02:03 localhost kernel: core: CPUID marked event: 'bus cycles' unavailable
Apr  9 19:02:03 localhost kernel: core: CPUID marked event: 'cache references' unavailable
Apr  9 19:02:03 localhost kernel: core: CPUID marked event: 'cache misses' unavailable
Apr  9 19:02:03 localhost kernel: core: CPUID marked event: 'branch instructions' unavailable
Apr  9 19:02:03 localhost kernel: core: CPUID marked event: 'branch misses' unavailable
Apr  9 19:02:03 localhost kernel: ... version:                1
Apr  9 19:02:03 localhost kernel: ... bit width:              48
Apr  9 19:02:03 localhost kernel: ... generic registers:      4
Apr  9 19:02:03 localhost kernel: ... value mask:             0000ffffffffffff
Apr  9 19:02:03 localhost kernel: ... max period:             000000007fffffff
Apr  9 19:02:03 localhost kernel: ... fixed-purpose events:   0
Apr  9 19:02:03 localhost kernel: ... event mask:             000000000000000f
Apr  9 19:02:03 localhost kernel: Hierarchical SRCU implementation.
Apr  9 19:02:03 localhost kernel: random: crng done (trusting CPU's manufacturer)
Apr  9 19:02:03 localhost kernel: NMI watchdog: Perf event create on CPU 0 failed with -2
Apr  9 19:02:03 localhost kernel: NMI watchdog: Perf NMI watchdog permanently disabled
Apr  9 19:02:03 localhost kernel: smp: Bringing up secondary CPUs ...
Apr  9 19:02:03 localhost kernel: smp: Brought up 1 node, 1 CPU
Apr  9 19:02:03 localhost kernel: smpboot: Max logical packages: 128
Apr  9 19:02:03 localhost kernel: smpboot: Total of 1 processors activated (4416.00 BogoMIPS)
Apr  9 19:02:03 localhost kernel: devtmpfs: initialized
Apr  9 19:02:03 localhost kernel: x86/mm: Memory block size: 128MB
Apr  9 19:02:03 localhost kernel: PM: Registering ACPI NVS region [mem 0x7feff000-0x7fefffff] (4096 bytes)
Apr  9 19:02:03 localhost kernel: clocksource: jiffies: mask: 0xffffffff max_cycles: 0xffffffff, max_idle_ns: 1911260446275000 ns
Apr  9 19:02:03 localhost kernel: futex hash table entries: 32768 (order: 9, 2097152 bytes)
Apr  9 19:02:03 localhost kernel: pinctrl core: initialized pinctrl subsystem
Apr  9 19:02:03 localhost kernel: RTC time:  2:02:02, date: 04/10/19
Apr  9 19:02:03 localhost kernel: NET: Registered protocol family 16
Apr  9 19:02:03 localhost kernel: audit: initializing netlink subsys (disabled)
Apr  9 19:02:03 localhost kernel: cpuidle: using governor menu
Apr  9 19:02:03 localhost kernel: Simple Boot Flag at 0x36 set to 0x80
Apr  9 19:02:03 localhost kernel: ACPI: bus type PCI registered
Apr  9 19:02:03 localhost kernel: acpiphp: ACPI Hot Plug PCI Controller Driver version: 0.5
Apr  9 19:02:03 localhost kernel: PCI: MMCONFIG for domain 0000 [bus 00-7f] at [mem 0xf0000000-0xf7ffffff] (base 0xf0000000)
Apr  9 19:02:03 localhost kernel: PCI: MMCONFIG at [mem 0xf0000000-0xf7ffffff] reserved in E820
Apr  9 19:02:03 localhost kernel: pmd_set_huge: Cannot satisfy [mem 0xf0000000-0xf0200000] with a huge-page mapping due to MTRR override.
Apr  9 19:02:03 localhost kernel: PCI: Using configuration type 1 for base access
Apr  9 19:02:03 localhost kernel: audit: type=2000 audit(1554861722.018:1): state=initialized audit_enabled=0 res=1
Apr  9 19:02:03 localhost kernel: HugeTLB registered 1.00 GiB page size, pre-allocated 0 pages
Apr  9 19:02:03 localhost kernel: HugeTLB registered 2.00 MiB page size, pre-allocated 0 pages
Apr  9 19:02:03 localhost kernel: cryptd: max_cpu_qlen set to 1000
Apr  9 19:02:03 localhost kernel: ACPI: Added _OSI(Module Device)
Apr  9 19:02:03 localhost kernel: ACPI: Added _OSI(Processor Device)
Apr  9 19:02:03 localhost kernel: ACPI: Added _OSI(3.0 _SCP Extensions)
Apr  9 19:02:03 localhost kernel: ACPI: Added _OSI(Processor Aggregator Device)
Apr  9 19:02:03 localhost kernel: ACPI: Added _OSI(Linux-Dell-Video)
Apr  9 19:02:03 localhost kernel: ACPI: 1 ACPI AML tables successfully acquired and loaded
Apr  9 19:02:03 localhost kernel: ACPI: [Firmware Bug]: BIOS _OSI(Linux) query ignored
Apr  9 19:02:03 localhost kernel: ACPI: Interpreter enabled
Apr  9 19:02:03 localhost kernel: ACPI: (supports S0 S1 S4 S5)
Apr  9 19:02:03 localhost kernel: ACPI: Using IOAPIC for interrupt routing
Apr  9 19:02:03 localhost kernel: PCI: Using host bridge windows from ACPI; if necessary, use "pci=nocrs" and report a bug
Apr  9 19:02:03 localhost kernel: ACPI: Enabled 4 GPEs in block 00 to 0F
Apr  9 19:02:03 localhost kernel: ACPI: PCI Root Bridge [PCI0] (domain 0000 [bus 00-7f])
Apr  9 19:02:03 localhost kernel: acpi PNP0A03:00: _OSC: OS supports [ExtendedConfig ASPM ClockPM Segments MSI]
Apr  9 19:02:03 localhost kernel: acpi PNP0A03:00: _OSC: platform does not support [AER LTR]
Apr  9 19:02:03 localhost kernel: acpi PNP0A03:00: _OSC: OS now controls [PCIeHotplug SHPCHotplug PME PCIeCapability]
Apr  9 19:02:03 localhost kernel: PCI host bridge to bus 0000:00
Apr  9 19:02:03 localhost kernel: pci_bus 0000:00: root bus resource [mem 0x000a0000-0x000bffff window]
Apr  9 19:02:03 localhost kernel: pci_bus 0000:00: root bus resource [mem 0x000cc000-0x000cffff window]
Apr  9 19:02:03 localhost kernel: pci_bus 0000:00: root bus resource [mem 0x000d0000-0x000d3fff window]
Apr  9 19:02:03 localhost kernel: pci_bus 0000:00: root bus resource [mem 0x000d4000-0x000d7fff window]
Apr  9 19:02:03 localhost kernel: pci_bus 0000:00: root bus resource [mem 0x000d8000-0x000dbfff window]
Apr  9 19:02:03 localhost kernel: pci_bus 0000:00: root bus resource [mem 0xc0000000-0xfebfffff window]
Apr  9 19:02:03 localhost kernel: pci_bus 0000:00: root bus resource [io  0x0000-0x0cf7 window]
Apr  9 19:02:03 localhost kernel: pci_bus 0000:00: root bus resource [io  0x0d00-0xfeff window]
Apr  9 19:02:03 localhost kernel: pci_bus 0000:00: root bus resource [bus 00-7f]
Apr  9 19:02:03 localhost kernel: pci 0000:00:07.1: legacy IDE quirk: reg 0x10: [io  0x01f0-0x01f7]
Apr  9 19:02:03 localhost kernel: pci 0000:00:07.1: legacy IDE quirk: reg 0x14: [io  0x03f6]
Apr  9 19:02:03 localhost kernel: pci 0000:00:07.1: legacy IDE quirk: reg 0x18: [io  0x0170-0x0177]
Apr  9 19:02:03 localhost kernel: pci 0000:00:07.1: legacy IDE quirk: reg 0x1c: [io  0x0376]
Apr  9 19:02:03 localhost kernel: pci 0000:00:07.3: quirk: [io  0x1000-0x103f] claimed by PIIX4 ACPI
Apr  9 19:02:03 localhost kernel: pci 0000:00:07.3: quirk: [io  0x1040-0x104f] claimed by PIIX4 SMB
Apr  9 19:02:03 localhost kernel: pci_bus 0000:01: extended config space not accessible
Apr  9 19:02:03 localhost kernel: pci 0000:00:01.0: PCI bridge to [bus 01]
Apr  9 19:02:03 localhost kernel: pci_bus 0000:02: extended config space not accessible
Apr  9 19:02:03 localhost kernel: acpiphp: Slot [32] registered
Apr  9 19:02:03 localhost kernel: acpiphp: Slot [33] registered
Apr  9 19:02:03 localhost kernel: acpiphp: Slot [34] registered
Apr  9 19:02:03 localhost kernel: acpiphp: Slot [35] registered
Apr  9 19:02:03 localhost kernel: acpiphp: Slot [36] registered
Apr  9 19:02:03 localhost kernel: acpiphp: Slot [37] registered
Apr  9 19:02:03 localhost kernel: acpiphp: Slot [38] registered
Apr  9 19:02:03 localhost kernel: acpiphp: Slot [39] registered
Apr  9 19:02:03 localhost kernel: acpiphp: Slot [40] registered
Apr  9 19:02:03 localhost kernel: acpiphp: Slot [41] registered
Apr  9 19:02:03 localhost kernel: acpiphp: Slot [42] registered
Apr  9 19:02:03 localhost kernel: acpiphp: Slot [43] registered
Apr  9 19:02:03 localhost kernel: acpiphp: Slot [44] registered
Apr  9 19:02:03 localhost kernel: acpiphp: Slot [45] registered
Apr  9 19:02:03 localhost kernel: acpiphp: Slot [46] registered
Apr  9 19:02:03 localhost kernel: acpiphp: Slot [47] registered
Apr  9 19:02:03 localhost kernel: acpiphp: Slot [48] registered
Apr  9 19:02:03 localhost kernel: acpiphp: Slot [49] registered
Apr  9 19:02:03 localhost kernel: acpiphp: Slot [50] registered
Apr  9 19:02:03 localhost kernel: acpiphp: Slot [51] registered
Apr  9 19:02:03 localhost kernel: acpiphp: Slot [52] registered
Apr  9 19:02:03 localhost kernel: acpiphp: Slot [53] registered
Apr  9 19:02:03 localhost kernel: acpiphp: Slot [54] registered
Apr  9 19:02:03 localhost kernel: acpiphp: Slot [55] registered
Apr  9 19:02:03 localhost kernel: acpiphp: Slot [56] registered
Apr  9 19:02:03 localhost kernel: acpiphp: Slot [57] registered
Apr  9 19:02:03 localhost kernel: acpiphp: Slot [58] registered
Apr  9 19:02:03 localhost kernel: acpiphp: Slot [59] registered
Apr  9 19:02:03 localhost kernel: acpiphp: Slot [60] registered
Apr  9 19:02:03 localhost kernel: acpiphp: Slot [61] registered
Apr  9 19:02:03 localhost kernel: acpiphp: Slot [62] registered
Apr  9 19:02:03 localhost kernel: acpiphp: Slot [63] registered
Apr  9 19:02:03 localhost kernel: pci 0000:00:11.0: PCI bridge to [bus 02] (subtractive decode)
Apr  9 19:02:03 localhost kernel: pci 0000:00:15.0: PCI bridge to [bus 03]
Apr  9 19:02:03 localhost kernel: pci 0000:00:15.1: PCI bridge to [bus 04]
Apr  9 19:02:03 localhost kernel: pci 0000:00:15.2: PCI bridge to [bus 05]
Apr  9 19:02:03 localhost kernel: pci 0000:00:15.3: PCI bridge to [bus 06]
Apr  9 19:02:03 localhost kernel: pci 0000:00:15.4: PCI bridge to [bus 07]
Apr  9 19:02:03 localhost kernel: pci 0000:00:15.5: PCI bridge to [bus 08]
Apr  9 19:02:03 localhost kernel: pci 0000:00:15.6: PCI bridge to [bus 09]
Apr  9 19:02:03 localhost kernel: pci 0000:00:15.7: PCI bridge to [bus 0a]
Apr  9 19:02:03 localhost kernel: pci 0000:00:16.0: PCI bridge to [bus 0b]
Apr  9 19:02:03 localhost kernel: pci 0000:00:16.1: PCI bridge to [bus 0c]
Apr  9 19:02:03 localhost kernel: pci 0000:00:16.2: PCI bridge to [bus 0d]
Apr  9 19:02:03 localhost kernel: pci 0000:00:16.3: PCI bridge to [bus 0e]
Apr  9 19:02:03 localhost kernel: pci 0000:00:16.4: PCI bridge to [bus 0f]
Apr  9 19:02:03 localhost kernel: pci 0000:00:16.5: PCI bridge to [bus 10]
Apr  9 19:02:03 localhost kernel: pci 0000:00:16.6: PCI bridge to [bus 11]
Apr  9 19:02:03 localhost kernel: pci 0000:00:16.7: PCI bridge to [bus 12]
Apr  9 19:02:03 localhost kernel: pci 0000:00:17.0: PCI bridge to [bus 13]
Apr  9 19:02:03 localhost kernel: pci 0000:00:17.1: PCI bridge to [bus 14]
Apr  9 19:02:03 localhost kernel: pci 0000:00:17.2: PCI bridge to [bus 15]
Apr  9 19:02:03 localhost kernel: pci 0000:00:17.3: PCI bridge to [bus 16]
Apr  9 19:02:03 localhost kernel: pci 0000:00:17.4: PCI bridge to [bus 17]
Apr  9 19:02:03 localhost kernel: pci 0000:00:17.5: PCI bridge to [bus 18]
Apr  9 19:02:03 localhost kernel: pci 0000:00:17.6: PCI bridge to [bus 19]
Apr  9 19:02:03 localhost kernel: pci 0000:00:17.7: PCI bridge to [bus 1a]
Apr  9 19:02:03 localhost kernel: pci 0000:00:18.0: PCI bridge to [bus 1b]
Apr  9 19:02:03 localhost kernel: pci 0000:00:18.1: PCI bridge to [bus 1c]
Apr  9 19:02:03 localhost kernel: pci 0000:00:18.2: PCI bridge to [bus 1d]
Apr  9 19:02:03 localhost kernel: pci 0000:00:18.3: PCI bridge to [bus 1e]
Apr  9 19:02:03 localhost kernel: pci 0000:00:18.4: PCI bridge to [bus 1f]
Apr  9 19:02:03 localhost kernel: pci 0000:00:18.5: PCI bridge to [bus 20]
Apr  9 19:02:03 localhost kernel: pci 0000:00:18.6: PCI bridge to [bus 21]
Apr  9 19:02:03 localhost kernel: pci 0000:00:18.7: PCI bridge to [bus 22]
Apr  9 19:02:03 localhost kernel: ACPI: PCI Interrupt Link [LNKA] (IRQs 3 4 5 6 7 *9 10 11 14 15)
Apr  9 19:02:03 localhost kernel: ACPI: PCI Interrupt Link [LNKB] (IRQs 3 4 5 6 7 9 10 *11 14 15)
Apr  9 19:02:03 localhost kernel: ACPI: PCI Interrupt Link [LNKC] (IRQs 3 4 5 6 7 9 *10 11 14 15)
Apr  9 19:02:03 localhost kernel: ACPI: PCI Interrupt Link [LNKD] (IRQs 3 4 5 6 *7 9 10 11 14 15)
Apr  9 19:02:03 localhost kernel: pci 0000:00:0f.0: vgaarb: setting as boot VGA device
Apr  9 19:02:03 localhost kernel: pci 0000:00:0f.0: vgaarb: VGA device added: decodes=io+mem,owns=io+mem,locks=none
Apr  9 19:02:03 localhost kernel: pci 0000:00:0f.0: vgaarb: bridge control possible
Apr  9 19:02:03 localhost kernel: vgaarb: loaded
Apr  9 19:02:03 localhost kernel: SCSI subsystem initialized
Apr  9 19:02:03 localhost kernel: ACPI: bus type USB registered
Apr  9 19:02:03 localhost kernel: usbcore: registered new interface driver usbfs
Apr  9 19:02:03 localhost kernel: usbcore: registered new interface driver hub
Apr  9 19:02:03 localhost kernel: usbcore: registered new device driver usb
Apr  9 19:02:03 localhost kernel: pps_core: LinuxPPS API ver. 1 registered
Apr  9 19:02:03 localhost kernel: pps_core: Software ver. 5.3.6 - Copyright 2005-2007 Rodolfo Giometti <giometti@linux.it>
Apr  9 19:02:03 localhost kernel: PTP clock support registered
Apr  9 19:02:03 localhost kernel: EDAC MC: Ver: 3.0.0
Apr  9 19:02:03 localhost kernel: PCI: Using ACPI for IRQ routing
Apr  9 19:02:03 localhost kernel: NetLabel: Initializing
Apr  9 19:02:03 localhost kernel: NetLabel:  domain hash size = 128
Apr  9 19:02:03 localhost kernel: NetLabel:  protocols = UNLABELED CIPSOv4 CALIPSO
Apr  9 19:02:03 localhost kernel: NetLabel:  unlabeled traffic allowed by default
Apr  9 19:02:03 localhost kernel: hpet0: at MMIO 0xfed00000, IRQs 2, 8, 0, 0, 0, 0, 0, 0, 0, 0, 0, 0, 0, 0, 0, 0
Apr  9 19:02:03 localhost kernel: hpet0: 16 comparators, 64-bit 14.318180 MHz counter
Apr  9 19:02:03 localhost kernel: clocksource: Switched to clocksource tsc-early
Apr  9 19:02:03 localhost kernel: VFS: Disk quotas dquot_6.6.0
Apr  9 19:02:03 localhost kernel: VFS: Dquot-cache hash table entries: 512 (order 0, 4096 bytes)
Apr  9 19:02:03 localhost kernel: pnp: PnP ACPI init
Apr  9 19:02:03 localhost kernel: system 00:00: [io  0x1000-0x103f] has been reserved
Apr  9 19:02:03 localhost kernel: system 00:00: [io  0x1040-0x104f] has been reserved
Apr  9 19:02:03 localhost kernel: system 00:00: [io  0x0cf0-0x0cf1] has been reserved
Apr  9 19:02:03 localhost kernel: system 00:04: [mem 0xfed00000-0xfed003ff] has been reserved
Apr  9 19:02:03 localhost kernel: system 00:06: [io  0xfce0-0xfcff] has been reserved
Apr  9 19:02:03 localhost kernel: system 00:06: [mem 0xf0000000-0xf7ffffff] has been reserved
Apr  9 19:02:03 localhost kernel: system 00:06: [mem 0xfe800000-0xfe9fffff] has been reserved
Apr  9 19:02:03 localhost kernel: pnp: PnP ACPI: found 7 devices
Apr  9 19:02:03 localhost kernel: clocksource: acpi_pm: mask: 0xffffff max_cycles: 0xffffff, max_idle_ns: 2085701024 ns
Apr  9 19:02:03 localhost kernel: pci 0000:00:0f.0: BAR 6: assigned [mem 0xc0000000-0xc0007fff pref]
Apr  9 19:02:03 localhost kernel: pci 0000:00:10.0: BAR 6: assigned [mem 0xc0008000-0xc000bfff pref]
Apr  9 19:02:03 localhost kernel: pci 0000:00:15.3: BAR 13: no space for [io  size 0x1000]
Apr  9 19:02:03 localhost kernel: pci 0000:00:15.3: BAR 13: failed to assign [io  size 0x1000]
Apr  9 19:02:03 localhost kernel: pci 0000:00:15.4: BAR 13: no space for [io  size 0x1000]
Apr  9 19:02:03 localhost kernel: pci 0000:00:15.4: BAR 13: failed to assign [io  size 0x1000]
Apr  9 19:02:03 localhost kernel: pci 0000:00:15.5: BAR 13: no space for [io  size 0x1000]
Apr  9 19:02:03 localhost kernel: pci 0000:00:15.5: BAR 13: failed to assign [io  size 0x1000]
Apr  9 19:02:03 localhost kernel: pci 0000:00:15.6: BAR 13: no space for [io  size 0x1000]
Apr  9 19:02:03 localhost kernel: pci 0000:00:15.6: BAR 13: failed to assign [io  size 0x1000]
Apr  9 19:02:03 localhost kernel: pci 0000:00:15.7: BAR 13: no space for [io  size 0x1000]
Apr  9 19:02:03 localhost kernel: pci 0000:00:15.7: BAR 13: failed to assign [io  size 0x1000]
Apr  9 19:02:03 localhost kernel: pci 0000:00:16.3: BAR 13: no space for [io  size 0x1000]
Apr  9 19:02:03 localhost kernel: pci 0000:00:16.3: BAR 13: failed to assign [io  size 0x1000]
Apr  9 19:02:03 localhost kernel: pci 0000:00:16.4: BAR 13: no space for [io  size 0x1000]
Apr  9 19:02:03 localhost kernel: pci 0000:00:16.4: BAR 13: failed to assign [io  size 0x1000]
Apr  9 19:02:03 localhost kernel: pci 0000:00:16.5: BAR 13: no space for [io  size 0x1000]
Apr  9 19:02:03 localhost kernel: pci 0000:00:16.5: BAR 13: failed to assign [io  size 0x1000]
Apr  9 19:02:03 localhost kernel: pci 0000:00:16.6: BAR 13: no space for [io  size 0x1000]
Apr  9 19:02:03 localhost kernel: pci 0000:00:16.6: BAR 13: failed to assign [io  size 0x1000]
Apr  9 19:02:03 localhost kernel: pci 0000:00:16.7: BAR 13: no space for [io  size 0x1000]
Apr  9 19:02:03 localhost kernel: pci 0000:00:16.7: BAR 13: failed to assign [io  size 0x1000]
Apr  9 19:02:03 localhost kernel: pci 0000:00:17.3: BAR 13: no space for [io  size 0x1000]
Apr  9 19:02:03 localhost kernel: pci 0000:00:17.3: BAR 13: failed to assign [io  size 0x1000]
Apr  9 19:02:03 localhost kernel: pci 0000:00:17.4: BAR 13: no space for [io  size 0x1000]
Apr  9 19:02:03 localhost kernel: pci 0000:00:17.4: BAR 13: failed to assign [io  size 0x1000]
Apr  9 19:02:03 localhost kernel: pci 0000:00:17.5: BAR 13: no space for [io  size 0x1000]
Apr  9 19:02:03 localhost kernel: pci 0000:00:17.5: BAR 13: failed to assign [io  size 0x1000]
Apr  9 19:02:03 localhost kernel: pci 0000:00:17.6: BAR 13: no space for [io  size 0x1000]
Apr  9 19:02:03 localhost kernel: pci 0000:00:17.6: BAR 13: failed to assign [io  size 0x1000]
Apr  9 19:02:03 localhost kernel: pci 0000:00:17.7: BAR 13: no space for [io  size 0x1000]
Apr  9 19:02:03 localhost kernel: pci 0000:00:17.7: BAR 13: failed to assign [io  size 0x1000]
Apr  9 19:02:03 localhost kernel: pci 0000:00:18.2: BAR 13: no space for [io  size 0x1000]
Apr  9 19:02:03 localhost kernel: pci 0000:00:18.2: BAR 13: failed to assign [io  size 0x1000]
Apr  9 19:02:03 localhost kernel: pci 0000:00:18.3: BAR 13: no space for [io  size 0x1000]
Apr  9 19:02:03 localhost kernel: pci 0000:00:18.3: BAR 13: failed to assign [io  size 0x1000]
Apr  9 19:02:03 localhost kernel: pci 0000:00:18.4: BAR 13: no space for [io  size 0x1000]
Apr  9 19:02:03 localhost kernel: pci 0000:00:18.4: BAR 13: failed to assign [io  size 0x1000]
Apr  9 19:02:03 localhost kernel: pci 0000:00:18.5: BAR 13: no space for [io  size 0x1000]
Apr  9 19:02:03 localhost kernel: pci 0000:00:18.5: BAR 13: failed to assign [io  size 0x1000]
Apr  9 19:02:03 localhost kernel: pci 0000:00:18.6: BAR 13: no space for [io  size 0x1000]
Apr  9 19:02:03 localhost kernel: pci 0000:00:18.6: BAR 13: failed to assign [io  size 0x1000]
Apr  9 19:02:03 localhost kernel: pci 0000:00:18.7: BAR 13: no space for [io  size 0x1000]
Apr  9 19:02:03 localhost kernel: pci 0000:00:18.7: BAR 13: failed to assign [io  size 0x1000]
Apr  9 19:02:03 localhost kernel: pci 0000:00:18.7: BAR 13: no space for [io  size 0x1000]
Apr  9 19:02:03 localhost kernel: pci 0000:00:18.7: BAR 13: failed to assign [io  size 0x1000]
Apr  9 19:02:03 localhost kernel: pci 0000:00:18.6: BAR 13: no space for [io  size 0x1000]
Apr  9 19:02:03 localhost kernel: pci 0000:00:18.6: BAR 13: failed to assign [io  size 0x1000]
Apr  9 19:02:03 localhost kernel: pci 0000:00:18.5: BAR 13: no space for [io  size 0x1000]
Apr  9 19:02:03 localhost kernel: pci 0000:00:18.5: BAR 13: failed to assign [io  size 0x1000]
Apr  9 19:02:03 localhost kernel: pci 0000:00:18.4: BAR 13: no space for [io  size 0x1000]
Apr  9 19:02:03 localhost kernel: pci 0000:00:18.4: BAR 13: failed to assign [io  size 0x1000]
Apr  9 19:02:03 localhost kernel: pci 0000:00:18.3: BAR 13: no space for [io  size 0x1000]
Apr  9 19:02:03 localhost kernel: pci 0000:00:18.3: BAR 13: failed to assign [io  size 0x1000]
Apr  9 19:02:03 localhost kernel: pci 0000:00:18.2: BAR 13: no space for [io  size 0x1000]
Apr  9 19:02:03 localhost kernel: pci 0000:00:18.2: BAR 13: failed to assign [io  size 0x1000]
Apr  9 19:02:03 localhost kernel: pci 0000:00:17.7: BAR 13: no space for [io  size 0x1000]
Apr  9 19:02:03 localhost kernel: pci 0000:00:17.7: BAR 13: failed to assign [io  size 0x1000]
Apr  9 19:02:03 localhost kernel: pci 0000:00:17.6: BAR 13: no space for [io  size 0x1000]
Apr  9 19:02:03 localhost kernel: pci 0000:00:17.6: BAR 13: failed to assign [io  size 0x1000]
Apr  9 19:02:03 localhost kernel: pci 0000:00:17.5: BAR 13: no space for [io  size 0x1000]
Apr  9 19:02:03 localhost kernel: pci 0000:00:17.5: BAR 13: failed to assign [io  size 0x1000]
Apr  9 19:02:03 localhost kernel: pci 0000:00:17.4: BAR 13: no space for [io  size 0x1000]
Apr  9 19:02:03 localhost kernel: pci 0000:00:17.4: BAR 13: failed to assign [io  size 0x1000]
Apr  9 19:02:03 localhost kernel: pci 0000:00:17.3: BAR 13: no space for [io  size 0x1000]
Apr  9 19:02:03 localhost kernel: pci 0000:00:17.3: BAR 13: failed to assign [io  size 0x1000]
Apr  9 19:02:03 localhost kernel: pci 0000:00:16.7: BAR 13: no space for [io  size 0x1000]
Apr  9 19:02:03 localhost kernel: pci 0000:00:16.7: BAR 13: failed to assign [io  size 0x1000]
Apr  9 19:02:03 localhost kernel: pci 0000:00:16.6: BAR 13: no space for [io  size 0x1000]
Apr  9 19:02:03 localhost kernel: pci 0000:00:16.6: BAR 13: failed to assign [io  size 0x1000]
Apr  9 19:02:03 localhost kernel: pci 0000:00:16.5: BAR 13: no space for [io  size 0x1000]
Apr  9 19:02:03 localhost kernel: pci 0000:00:16.5: BAR 13: failed to assign [io  size 0x1000]
Apr  9 19:02:03 localhost kernel: pci 0000:00:16.4: BAR 13: no space for [io  size 0x1000]
Apr  9 19:02:03 localhost kernel: pci 0000:00:16.4: BAR 13: failed to assign [io  size 0x1000]
Apr  9 19:02:03 localhost kernel: pci 0000:00:16.3: BAR 13: no space for [io  size 0x1000]
Apr  9 19:02:03 localhost kernel: pci 0000:00:16.3: BAR 13: failed to assign [io  size 0x1000]
Apr  9 19:02:03 localhost kernel: pci 0000:00:15.7: BAR 13: no space for [io  size 0x1000]
Apr  9 19:02:03 localhost kernel: pci 0000:00:15.7: BAR 13: failed to assign [io  size 0x1000]
Apr  9 19:02:03 localhost kernel: pci 0000:00:15.6: BAR 13: no space for [io  size 0x1000]
Apr  9 19:02:03 localhost kernel: pci 0000:00:15.6: BAR 13: failed to assign [io  size 0x1000]
Apr  9 19:02:03 localhost kernel: pci 0000:00:15.5: BAR 13: no space for [io  size 0x1000]
Apr  9 19:02:03 localhost kernel: pci 0000:00:15.5: BAR 13: failed to assign [io  size 0x1000]
Apr  9 19:02:03 localhost kernel: pci 0000:00:15.4: BAR 13: no space for [io  size 0x1000]
Apr  9 19:02:03 localhost kernel: pci 0000:00:15.4: BAR 13: failed to assign [io  size 0x1000]
Apr  9 19:02:03 localhost kernel: pci 0000:00:15.3: BAR 13: no space for [io  size 0x1000]
Apr  9 19:02:03 localhost kernel: pci 0000:00:15.3: BAR 13: failed to assign [io  size 0x1000]
Apr  9 19:02:03 localhost kernel: pci 0000:00:01.0: PCI bridge to [bus 01]
Apr  9 19:02:03 localhost kernel: pci 0000:02:01.0: BAR 6: assigned [mem 0xfd500000-0xfd50ffff pref]
Apr  9 19:02:03 localhost kernel: pci 0000:00:11.0: PCI bridge to [bus 02]
Apr  9 19:02:03 localhost kernel: pci 0000:00:11.0:   bridge window [io  0x2000-0x3fff]
Apr  9 19:02:03 localhost kernel: pci 0000:00:11.0:   bridge window [mem 0xfd500000-0xfdffffff]
Apr  9 19:02:03 localhost kernel: pci 0000:00:11.0:   bridge window [mem 0xe7b00000-0xe7ffffff 64bit pref]
Apr  9 19:02:03 localhost kernel: pci 0000:00:15.0: PCI bridge to [bus 03]
Apr  9 19:02:03 localhost kernel: pci 0000:00:15.0:   bridge window [io  0x4000-0x4fff]
Apr  9 19:02:03 localhost kernel: pci 0000:00:15.0:   bridge window [mem 0xfd400000-0xfd4fffff]
Apr  9 19:02:03 localhost kernel: pci 0000:00:15.0:   bridge window [mem 0xe7a00000-0xe7afffff 64bit pref]
Apr  9 19:02:03 localhost kernel: pci 0000:00:15.1: PCI bridge to [bus 04]
Apr  9 19:02:03 localhost kernel: pci 0000:00:15.1:   bridge window [io  0x8000-0x8fff]
Apr  9 19:02:03 localhost kernel: pci 0000:00:15.1:   bridge window [mem 0xfd000000-0xfd0fffff]
Apr  9 19:02:03 localhost kernel: pci 0000:00:15.1:   bridge window [mem 0xe7600000-0xe76fffff 64bit pref]
Apr  9 19:02:03 localhost kernel: pci 0000:00:15.2: PCI bridge to [bus 05]
Apr  9 19:02:03 localhost kernel: pci 0000:00:15.2:   bridge window [io  0xc000-0xcfff]
Apr  9 19:02:03 localhost kernel: pci 0000:00:15.2:   bridge window [mem 0xfcc00000-0xfccfffff]
Apr  9 19:02:03 localhost kernel: pci 0000:00:15.2:   bridge window [mem 0xe7200000-0xe72fffff 64bit pref]
Apr  9 19:02:03 localhost kernel: pci 0000:00:15.3: PCI bridge to [bus 06]
Apr  9 19:02:03 localhost kernel: pci 0000:00:15.3:   bridge window [mem 0xfc800000-0xfc8fffff]
Apr  9 19:02:03 localhost kernel: pci 0000:00:15.3:   bridge window [mem 0xe6e00000-0xe6efffff 64bit pref]
Apr  9 19:02:03 localhost kernel: pci 0000:00:15.4: PCI bridge to [bus 07]
Apr  9 19:02:03 localhost kernel: pci 0000:00:15.4:   bridge window [mem 0xfc400000-0xfc4fffff]
Apr  9 19:02:03 localhost kernel: pci 0000:00:15.4:   bridge window [mem 0xe6a00000-0xe6afffff 64bit pref]
Apr  9 19:02:03 localhost kernel: pci 0000:00:15.5: PCI bridge to [bus 08]
Apr  9 19:02:03 localhost kernel: pci 0000:00:15.5:   bridge window [mem 0xfc000000-0xfc0fffff]
Apr  9 19:02:03 localhost kernel: pci 0000:00:15.5:   bridge window [mem 0xe6600000-0xe66fffff 64bit pref]
Apr  9 19:02:03 localhost kernel: pci 0000:00:15.6: PCI bridge to [bus 09]
Apr  9 19:02:03 localhost kernel: pci 0000:00:15.6:   bridge window [mem 0xfbc00000-0xfbcfffff]
Apr  9 19:02:03 localhost kernel: pci 0000:00:15.6:   bridge window [mem 0xe6200000-0xe62fffff 64bit pref]
Apr  9 19:02:03 localhost kernel: pci 0000:00:15.7: PCI bridge to [bus 0a]
Apr  9 19:02:03 localhost kernel: pci 0000:00:15.7:   bridge window [mem 0xfb800000-0xfb8fffff]
Apr  9 19:02:03 localhost kernel: pci 0000:00:15.7:   bridge window [mem 0xe5e00000-0xe5efffff 64bit pref]
Apr  9 19:02:03 localhost kernel: pci 0000:00:16.0: PCI bridge to [bus 0b]
Apr  9 19:02:03 localhost kernel: pci 0000:00:16.0:   bridge window [io  0x5000-0x5fff]
Apr  9 19:02:03 localhost kernel: pci 0000:00:16.0:   bridge window [mem 0xfd300000-0xfd3fffff]
Apr  9 19:02:03 localhost kernel: pci 0000:00:16.0:   bridge window [mem 0xe7900000-0xe79fffff 64bit pref]
Apr  9 19:02:03 localhost kernel: pci 0000:00:16.1: PCI bridge to [bus 0c]
Apr  9 19:02:03 localhost kernel: pci 0000:00:16.1:   bridge window [io  0x9000-0x9fff]
Apr  9 19:02:03 localhost kernel: pci 0000:00:16.1:   bridge window [mem 0xfcf00000-0xfcffffff]
Apr  9 19:02:03 localhost kernel: pci 0000:00:16.1:   bridge window [mem 0xe7500000-0xe75fffff 64bit pref]
Apr  9 19:02:03 localhost kernel: pci 0000:00:16.2: PCI bridge to [bus 0d]
Apr  9 19:02:03 localhost kernel: pci 0000:00:16.2:   bridge window [io  0xd000-0xdfff]
Apr  9 19:02:03 localhost kernel: pci 0000:00:16.2:   bridge window [mem 0xfcb00000-0xfcbfffff]
Apr  9 19:02:03 localhost kernel: pci 0000:00:16.2:   bridge window [mem 0xe7100000-0xe71fffff 64bit pref]
Apr  9 19:02:03 localhost kernel: pci 0000:00:16.3: PCI bridge to [bus 0e]
Apr  9 19:02:03 localhost kernel: pci 0000:00:16.3:   bridge window [mem 0xfc700000-0xfc7fffff]
Apr  9 19:02:03 localhost kernel: pci 0000:00:16.3:   bridge window [mem 0xe6d00000-0xe6dfffff 64bit pref]
Apr  9 19:02:03 localhost kernel: pci 0000:00:16.4: PCI bridge to [bus 0f]
Apr  9 19:02:03 localhost kernel: pci 0000:00:16.4:   bridge window [mem 0xfc300000-0xfc3fffff]
Apr  9 19:02:03 localhost kernel: pci 0000:00:16.4:   bridge window [mem 0xe6900000-0xe69fffff 64bit pref]
Apr  9 19:02:03 localhost kernel: pci 0000:00:16.5: PCI bridge to [bus 10]
Apr  9 19:02:03 localhost kernel: pci 0000:00:16.5:   bridge window [mem 0xfbf00000-0xfbffffff]
Apr  9 19:02:03 localhost kernel: pci 0000:00:16.5:   bridge window [mem 0xe6500000-0xe65fffff 64bit pref]
Apr  9 19:02:03 localhost kernel: pci 0000:00:16.6: PCI bridge to [bus 11]
Apr  9 19:02:03 localhost kernel: pci 0000:00:16.6:   bridge window [mem 0xfbb00000-0xfbbfffff]
Apr  9 19:02:03 localhost kernel: pci 0000:00:16.6:   bridge window [mem 0xe6100000-0xe61fffff 64bit pref]
Apr  9 19:02:03 localhost kernel: pci 0000:00:16.7: PCI bridge to [bus 12]
Apr  9 19:02:03 localhost kernel: pci 0000:00:16.7:   bridge window [mem 0xfb700000-0xfb7fffff]
Apr  9 19:02:03 localhost kernel: pci 0000:00:16.7:   bridge window [mem 0xe5d00000-0xe5dfffff 64bit pref]
Apr  9 19:02:03 localhost kernel: pci 0000:00:17.0: PCI bridge to [bus 13]
Apr  9 19:02:03 localhost kernel: pci 0000:00:17.0:   bridge window [io  0x6000-0x6fff]
Apr  9 19:02:03 localhost kernel: pci 0000:00:17.0:   bridge window [mem 0xfd200000-0xfd2fffff]
Apr  9 19:02:03 localhost kernel: pci 0000:00:17.0:   bridge window [mem 0xe7800000-0xe78fffff 64bit pref]
Apr  9 19:02:03 localhost kernel: pci 0000:00:17.1: PCI bridge to [bus 14]
Apr  9 19:02:03 localhost kernel: pci 0000:00:17.1:   bridge window [io  0xa000-0xafff]
Apr  9 19:02:03 localhost kernel: pci 0000:00:17.1:   bridge window [mem 0xfce00000-0xfcefffff]
Apr  9 19:02:03 localhost kernel: pci 0000:00:17.1:   bridge window [mem 0xe7400000-0xe74fffff 64bit pref]
Apr  9 19:02:03 localhost kernel: pci 0000:00:17.2: PCI bridge to [bus 15]
Apr  9 19:02:03 localhost kernel: pci 0000:00:17.2:   bridge window [io  0xe000-0xefff]
Apr  9 19:02:03 localhost kernel: pci 0000:00:17.2:   bridge window [mem 0xfca00000-0xfcafffff]
Apr  9 19:02:03 localhost kernel: pci 0000:00:17.2:   bridge window [mem 0xe7000000-0xe70fffff 64bit pref]
Apr  9 19:02:03 localhost kernel: pci 0000:00:17.3: PCI bridge to [bus 16]
Apr  9 19:02:03 localhost kernel: pci 0000:00:17.3:   bridge window [mem 0xfc600000-0xfc6fffff]
Apr  9 19:02:03 localhost kernel: pci 0000:00:17.3:   bridge window [mem 0xe6c00000-0xe6cfffff 64bit pref]
Apr  9 19:02:03 localhost kernel: pci 0000:00:17.4: PCI bridge to [bus 17]
Apr  9 19:02:03 localhost kernel: pci 0000:00:17.4:   bridge window [mem 0xfc200000-0xfc2fffff]
Apr  9 19:02:03 localhost kernel: pci 0000:00:17.4:   bridge window [mem 0xe6800000-0xe68fffff 64bit pref]
Apr  9 19:02:03 localhost kernel: pci 0000:00:17.5: PCI bridge to [bus 18]
Apr  9 19:02:03 localhost kernel: pci 0000:00:17.5:   bridge window [mem 0xfbe00000-0xfbefffff]
Apr  9 19:02:03 localhost kernel: pci 0000:00:17.5:   bridge window [mem 0xe6400000-0xe64fffff 64bit pref]
Apr  9 19:02:03 localhost kernel: pci 0000:00:17.6: PCI bridge to [bus 19]
Apr  9 19:02:03 localhost kernel: pci 0000:00:17.6:   bridge window [mem 0xfba00000-0xfbafffff]
Apr  9 19:02:03 localhost kernel: pci 0000:00:17.6:   bridge window [mem 0xe6000000-0xe60fffff 64bit pref]
Apr  9 19:02:03 localhost kernel: pci 0000:00:17.7: PCI bridge to [bus 1a]
Apr  9 19:02:03 localhost kernel: pci 0000:00:17.7:   bridge window [mem 0xfb600000-0xfb6fffff]
Apr  9 19:02:03 localhost kernel: pci 0000:00:17.7:   bridge window [mem 0xe5c00000-0xe5cfffff 64bit pref]
Apr  9 19:02:03 localhost kernel: pci 0000:00:18.0: PCI bridge to [bus 1b]
Apr  9 19:02:03 localhost kernel: pci 0000:00:18.0:   bridge window [io  0x7000-0x7fff]
Apr  9 19:02:03 localhost kernel: pci 0000:00:18.0:   bridge window [mem 0xfd100000-0xfd1fffff]
Apr  9 19:02:03 localhost kernel: pci 0000:00:18.0:   bridge window [mem 0xe7700000-0xe77fffff 64bit pref]
Apr  9 19:02:03 localhost kernel: pci 0000:00:18.1: PCI bridge to [bus 1c]
Apr  9 19:02:03 localhost kernel: pci 0000:00:18.1:   bridge window [io  0xb000-0xbfff]
Apr  9 19:02:03 localhost kernel: pci 0000:00:18.1:   bridge window [mem 0xfcd00000-0xfcdfffff]
Apr  9 19:02:03 localhost kernel: pci 0000:00:18.1:   bridge window [mem 0xe7300000-0xe73fffff 64bit pref]
Apr  9 19:02:03 localhost kernel: pci 0000:00:18.2: PCI bridge to [bus 1d]
Apr  9 19:02:03 localhost kernel: pci 0000:00:18.2:   bridge window [mem 0xfc900000-0xfc9fffff]
Apr  9 19:02:03 localhost kernel: pci 0000:00:18.2:   bridge window [mem 0xe6f00000-0xe6ffffff 64bit pref]
Apr  9 19:02:03 localhost kernel: pci 0000:00:18.3: PCI bridge to [bus 1e]
Apr  9 19:02:03 localhost kernel: pci 0000:00:18.3:   bridge window [mem 0xfc500000-0xfc5fffff]
Apr  9 19:02:03 localhost kernel: pci 0000:00:18.3:   bridge window [mem 0xe6b00000-0xe6bfffff 64bit pref]
Apr  9 19:02:03 localhost kernel: pci 0000:00:18.4: PCI bridge to [bus 1f]
Apr  9 19:02:03 localhost kernel: pci 0000:00:18.4:   bridge window [mem 0xfc100000-0xfc1fffff]
Apr  9 19:02:03 localhost kernel: pci 0000:00:18.4:   bridge window [mem 0xe6700000-0xe67fffff 64bit pref]
Apr  9 19:02:03 localhost kernel: pci 0000:00:18.5: PCI bridge to [bus 20]
Apr  9 19:02:03 localhost kernel: pci 0000:00:18.5:   bridge window [mem 0xfbd00000-0xfbdfffff]
Apr  9 19:02:03 localhost kernel: pci 0000:00:18.5:   bridge window [mem 0xe6300000-0xe63fffff 64bit pref]
Apr  9 19:02:03 localhost kernel: pci 0000:00:18.6: PCI bridge to [bus 21]
Apr  9 19:02:03 localhost kernel: pci 0000:00:18.6:   bridge window [mem 0xfb900000-0xfb9fffff]
Apr  9 19:02:03 localhost kernel: pci 0000:00:18.6:   bridge window [mem 0xe5f00000-0xe5ffffff 64bit pref]
Apr  9 19:02:03 localhost kernel: pci 0000:00:18.7: PCI bridge to [bus 22]
Apr  9 19:02:03 localhost kernel: pci 0000:00:18.7:   bridge window [mem 0xfb500000-0xfb5fffff]
Apr  9 19:02:03 localhost kernel: pci 0000:00:18.7:   bridge window [mem 0xe5b00000-0xe5bfffff 64bit pref]
Apr  9 19:02:03 localhost kernel: NET: Registered protocol family 2
Apr  9 19:02:03 localhost kernel: tcp_listen_portaddr_hash hash table entries: 1024 (order: 2, 16384 bytes)
Apr  9 19:02:03 localhost kernel: TCP established hash table entries: 16384 (order: 5, 131072 bytes)
Apr  9 19:02:03 localhost kernel: TCP bind hash table entries: 16384 (order: 6, 262144 bytes)
Apr  9 19:02:03 localhost kernel: TCP: Hash tables configured (established 16384 bind 16384)
Apr  9 19:02:03 localhost kernel: UDP hash table entries: 1024 (order: 3, 32768 bytes)
Apr  9 19:02:03 localhost kernel: UDP-Lite hash table entries: 1024 (order: 3, 32768 bytes)
Apr  9 19:02:03 localhost kernel: NET: Registered protocol family 1
Apr  9 19:02:03 localhost kernel: pci 0000:00:00.0: Limiting direct PCI/PCI transfers
Apr  9 19:02:03 localhost kernel: pci 0000:00:0f.0: Video device with shadowed ROM at [mem 0x000c0000-0x000dffff]
Apr  9 19:02:03 localhost kernel: Unpacking initramfs...
Apr  9 19:02:03 localhost kernel: Freeing initrd memory: 23308K
Apr  9 19:02:03 localhost kernel: Initialise system trusted keyrings
Apr  9 19:02:03 localhost kernel: Key type blacklist registered
Apr  9 19:02:03 localhost kernel: workingset: timestamp_bits=36 max_order=19 bucket_order=0
Apr  9 19:02:03 localhost kernel: zbud: loaded
Apr  9 19:02:03 localhost kernel: pstore: using deflate compression
Apr  9 19:02:03 localhost kernel: alg: No test for 842 (842-generic)
Apr  9 19:02:03 localhost kernel: alg: No test for 842 (842-scomp)
Apr  9 19:02:03 localhost kernel: NET: Registered protocol family 38
Apr  9 19:02:03 localhost kernel: Key type asymmetric registered
Apr  9 19:02:03 localhost kernel: Asymmetric key parser 'x509' registered
Apr  9 19:02:03 localhost kernel: Block layer SCSI generic (bsg) driver version 0.4 loaded (major 244)
Apr  9 19:02:03 localhost kernel: io scheduler noop registered
Apr  9 19:02:03 localhost kernel: io scheduler deadline registered
Apr  9 19:02:03 localhost kernel: io scheduler cfq registered (default)
Apr  9 19:02:03 localhost kernel: io scheduler mq-deadline registered
Apr  9 19:02:03 localhost kernel: atomic64_test: passed for x86-64 platform with CX8 and with SSE
Apr  9 19:02:03 localhost kernel: pcieport 0000:00:15.0: Signaling PME with IRQ 24
Apr  9 19:02:03 localhost kernel: pcieport 0000:00:15.1: Signaling PME with IRQ 25
Apr  9 19:02:03 localhost kernel: pcieport 0000:00:15.2: Signaling PME with IRQ 26
Apr  9 19:02:03 localhost kernel: pcieport 0000:00:15.3: Signaling PME with IRQ 27
Apr  9 19:02:03 localhost kernel: pcieport 0000:00:15.4: Signaling PME with IRQ 28
Apr  9 19:02:03 localhost kernel: pcieport 0000:00:15.5: Signaling PME with IRQ 29
Apr  9 19:02:03 localhost kernel: pcieport 0000:00:15.6: Signaling PME with IRQ 30
Apr  9 19:02:03 localhost kernel: pcieport 0000:00:15.7: Signaling PME with IRQ 31
Apr  9 19:02:03 localhost kernel: pcieport 0000:00:16.0: Signaling PME with IRQ 32
Apr  9 19:02:03 localhost kernel: pcieport 0000:00:16.1: Signaling PME with IRQ 33
Apr  9 19:02:03 localhost kernel: pcieport 0000:00:16.2: Signaling PME with IRQ 34
Apr  9 19:02:03 localhost kernel: pcieport 0000:00:16.3: Signaling PME with IRQ 35
Apr  9 19:02:03 localhost kernel: pcieport 0000:00:16.4: Signaling PME with IRQ 36
Apr  9 19:02:03 localhost kernel: pcieport 0000:00:16.5: Signaling PME with IRQ 37
Apr  9 19:02:03 localhost kernel: pcieport 0000:00:16.6: Signaling PME with IRQ 38
Apr  9 19:02:03 localhost kernel: pcieport 0000:00:16.7: Signaling PME with IRQ 39
Apr  9 19:02:03 localhost kernel: pcieport 0000:00:17.0: Signaling PME with IRQ 40
Apr  9 19:02:03 localhost kernel: pcieport 0000:00:17.1: Signaling PME with IRQ 41
Apr  9 19:02:03 localhost kernel: pcieport 0000:00:17.2: Signaling PME with IRQ 42
Apr  9 19:02:03 localhost kernel: pcieport 0000:00:17.3: Signaling PME with IRQ 43
Apr  9 19:02:03 localhost kernel: pcieport 0000:00:17.4: Signaling PME with IRQ 44
Apr  9 19:02:03 localhost kernel: pcieport 0000:00:17.5: Signaling PME with IRQ 45
Apr  9 19:02:03 localhost kernel: pcieport 0000:00:17.6: Signaling PME with IRQ 46
Apr  9 19:02:03 localhost kernel: pcieport 0000:00:17.7: Signaling PME with IRQ 47
Apr  9 19:02:03 localhost kernel: pcieport 0000:00:18.0: Signaling PME with IRQ 48
Apr  9 19:02:03 localhost kernel: pcieport 0000:00:18.1: Signaling PME with IRQ 49
Apr  9 19:02:03 localhost kernel: pcieport 0000:00:18.2: Signaling PME with IRQ 50
Apr  9 19:02:03 localhost kernel: pcieport 0000:00:18.3: Signaling PME with IRQ 51
Apr  9 19:02:03 localhost kernel: pcieport 0000:00:18.4: Signaling PME with IRQ 52
Apr  9 19:02:03 localhost kernel: pcieport 0000:00:18.5: Signaling PME with IRQ 53
Apr  9 19:02:03 localhost kernel: pcieport 0000:00:18.6: Signaling PME with IRQ 54
Apr  9 19:02:03 localhost kernel: pcieport 0000:00:18.7: Signaling PME with IRQ 55
Apr  9 19:02:03 localhost kernel: pciehp 0000:00:15.0:pcie004: Slot #160 AttnBtn+ PwrCtrl+ MRL- AttnInd- PwrInd- HotPlug+ Surprise- Interlock- NoCompl+ LLActRep+
Apr  9 19:02:03 localhost kernel: pciehp 0000:00:15.1:pcie004: Slot #161 AttnBtn+ PwrCtrl+ MRL- AttnInd- PwrInd- HotPlug+ Surprise- Interlock- NoCompl+ LLActRep+
Apr  9 19:02:03 localhost kernel: pciehp 0000:00:15.2:pcie004: Slot #162 AttnBtn+ PwrCtrl+ MRL- AttnInd- PwrInd- HotPlug+ Surprise- Interlock- NoCompl+ LLActRep+
Apr  9 19:02:03 localhost kernel: pciehp 0000:00:15.3:pcie004: Slot #163 AttnBtn+ PwrCtrl+ MRL- AttnInd- PwrInd- HotPlug+ Surprise- Interlock- NoCompl+ LLActRep+
Apr  9 19:02:03 localhost kernel: pciehp 0000:00:15.4:pcie004: Slot #164 AttnBtn+ PwrCtrl+ MRL- AttnInd- PwrInd- HotPlug+ Surprise- Interlock- NoCompl+ LLActRep+
Apr  9 19:02:03 localhost kernel: pciehp 0000:00:15.5:pcie004: Slot #165 AttnBtn+ PwrCtrl+ MRL- AttnInd- PwrInd- HotPlug+ Surprise- Interlock- NoCompl+ LLActRep+
